Archive member included to satisfy reference by file (symbol)

D:\users\F27285C\STM32Cube\Repository\STM32Cube_FW_F4_V1.16.0\Middlewares\ST\STM32_Audio\Addons\PDM/libPDMFilter_CM4F_GCC.a(pdm_filter.o)
                              Drivers/BSP/STM32F4-Discovery/stm32f4_discovery_audio.o (PDM_Filter_Init)
c:/ac6/systemworkbench/plugins/fr.ac6.mcu.externaltools.arm-none.win32_1.13.2.201705091103/tools/compiler/bin/../lib/gcc/arm-none-eabi/5.4.1/../../../../arm-none-eabi/lib/armv7e-m/fpu\libm.a(lib_a-s_cos.o)
                              D:\users\F27285C\STM32Cube\Repository\STM32Cube_FW_F4_V1.16.0\Middlewares\ST\STM32_Audio\Addons\PDM/libPDMFilter_CM4F_GCC.a(pdm_filter.o) (cos)
c:/ac6/systemworkbench/plugins/fr.ac6.mcu.externaltools.arm-none.win32_1.13.2.201705091103/tools/compiler/bin/../lib/gcc/arm-none-eabi/5.4.1/../../../../arm-none-eabi/lib/armv7e-m/fpu\libm.a(lib_a-w_sqrt.o)
                              D:\users\F27285C\STM32Cube\Repository\STM32Cube_FW_F4_V1.16.0\Middlewares\ST\STM32_Audio\Addons\PDM/libPDMFilter_CM4F_GCC.a(pdm_filter.o) (sqrt)
c:/ac6/systemworkbench/plugins/fr.ac6.mcu.externaltools.arm-none.win32_1.13.2.201705091103/tools/compiler/bin/../lib/gcc/arm-none-eabi/5.4.1/../../../../arm-none-eabi/lib/armv7e-m/fpu\libm.a(lib_a-e_rem_pio2.o)
                              c:/ac6/systemworkbench/plugins/fr.ac6.mcu.externaltools.arm-none.win32_1.13.2.201705091103/tools/compiler/bin/../lib/gcc/arm-none-eabi/5.4.1/../../../../arm-none-eabi/lib/armv7e-m/fpu\libm.a(lib_a-s_cos.o) (__ieee754_rem_pio2)
c:/ac6/systemworkbench/plugins/fr.ac6.mcu.externaltools.arm-none.win32_1.13.2.201705091103/tools/compiler/bin/../lib/gcc/arm-none-eabi/5.4.1/../../../../arm-none-eabi/lib/armv7e-m/fpu\libm.a(lib_a-e_sqrt.o)
                              c:/ac6/systemworkbench/plugins/fr.ac6.mcu.externaltools.arm-none.win32_1.13.2.201705091103/tools/compiler/bin/../lib/gcc/arm-none-eabi/5.4.1/../../../../arm-none-eabi/lib/armv7e-m/fpu\libm.a(lib_a-w_sqrt.o) (__ieee754_sqrt)
c:/ac6/systemworkbench/plugins/fr.ac6.mcu.externaltools.arm-none.win32_1.13.2.201705091103/tools/compiler/bin/../lib/gcc/arm-none-eabi/5.4.1/../../../../arm-none-eabi/lib/armv7e-m/fpu\libm.a(lib_a-k_cos.o)
                              c:/ac6/systemworkbench/plugins/fr.ac6.mcu.externaltools.arm-none.win32_1.13.2.201705091103/tools/compiler/bin/../lib/gcc/arm-none-eabi/5.4.1/../../../../arm-none-eabi/lib/armv7e-m/fpu\libm.a(lib_a-s_cos.o) (__kernel_cos)
c:/ac6/systemworkbench/plugins/fr.ac6.mcu.externaltools.arm-none.win32_1.13.2.201705091103/tools/compiler/bin/../lib/gcc/arm-none-eabi/5.4.1/../../../../arm-none-eabi/lib/armv7e-m/fpu\libm.a(lib_a-k_rem_pio2.o)
                              c:/ac6/systemworkbench/plugins/fr.ac6.mcu.externaltools.arm-none.win32_1.13.2.201705091103/tools/compiler/bin/../lib/gcc/arm-none-eabi/5.4.1/../../../../arm-none-eabi/lib/armv7e-m/fpu\libm.a(lib_a-e_rem_pio2.o) (__kernel_rem_pio2)
c:/ac6/systemworkbench/plugins/fr.ac6.mcu.externaltools.arm-none.win32_1.13.2.201705091103/tools/compiler/bin/../lib/gcc/arm-none-eabi/5.4.1/../../../../arm-none-eabi/lib/armv7e-m/fpu\libm.a(lib_a-k_sin.o)
                              c:/ac6/systemworkbench/plugins/fr.ac6.mcu.externaltools.arm-none.win32_1.13.2.201705091103/tools/compiler/bin/../lib/gcc/arm-none-eabi/5.4.1/../../../../arm-none-eabi/lib/armv7e-m/fpu\libm.a(lib_a-s_cos.o) (__kernel_sin)
c:/ac6/systemworkbench/plugins/fr.ac6.mcu.externaltools.arm-none.win32_1.13.2.201705091103/tools/compiler/bin/../lib/gcc/arm-none-eabi/5.4.1/../../../../arm-none-eabi/lib/armv7e-m/fpu\libm.a(lib_a-s_fabs.o)
                              c:/ac6/systemworkbench/plugins/fr.ac6.mcu.externaltools.arm-none.win32_1.13.2.201705091103/tools/compiler/bin/../lib/gcc/arm-none-eabi/5.4.1/../../../../arm-none-eabi/lib/armv7e-m/fpu\libm.a(lib_a-e_rem_pio2.o) (fabs)
c:/ac6/systemworkbench/plugins/fr.ac6.mcu.externaltools.arm-none.win32_1.13.2.201705091103/tools/compiler/bin/../lib/gcc/arm-none-eabi/5.4.1/../../../../arm-none-eabi/lib/armv7e-m/fpu\libm.a(lib_a-s_floor.o)
                              c:/ac6/systemworkbench/plugins/fr.ac6.mcu.externaltools.arm-none.win32_1.13.2.201705091103/tools/compiler/bin/../lib/gcc/arm-none-eabi/5.4.1/../../../../arm-none-eabi/lib/armv7e-m/fpu\libm.a(lib_a-k_rem_pio2.o) (floor)
c:/ac6/systemworkbench/plugins/fr.ac6.mcu.externaltools.arm-none.win32_1.13.2.201705091103/tools/compiler/bin/../lib/gcc/arm-none-eabi/5.4.1/../../../../arm-none-eabi/lib/armv7e-m/fpu\libm.a(lib_a-s_lib_ver.o)
                              c:/ac6/systemworkbench/plugins/fr.ac6.mcu.externaltools.arm-none.win32_1.13.2.201705091103/tools/compiler/bin/../lib/gcc/arm-none-eabi/5.4.1/../../../../arm-none-eabi/lib/armv7e-m/fpu\libm.a(lib_a-w_sqrt.o) (__fdlib_version)
c:/ac6/systemworkbench/plugins/fr.ac6.mcu.externaltools.arm-none.win32_1.13.2.201705091103/tools/compiler/bin/../lib/gcc/arm-none-eabi/5.4.1/../../../../arm-none-eabi/lib/armv7e-m/fpu\libm.a(lib_a-s_matherr.o)
[...]
Memory Configuration

Name             Origin             Length             Attributes
FLASH            0x08000000         0x00100000         xr
RAM              0x20000000         0x00020000         xrw
CCMRAM           0x10000000         0x00010000         rw
*default*        0x00000000         0xffffffff

Linker script and memory map

LOAD c:/ac6/systemworkbench/plugins/fr.ac6.mcu.externaltools.arm-none.win32_1.13.2.201705091103/tools/compiler/bin/../lib/gcc/arm-none-eabi/5.4.1/armv7e-m/fpu/crti.o
LOAD c:/ac6/systemworkbench/plugins/fr.ac6.mcu.externaltools.arm-none.win32_1.13.2.201705091103/tools/compiler/bin/../lib/gcc/arm-none-eabi/5.4.1/armv7e-m/fpu/crtbegin.o
LOAD c:/ac6/systemworkbench/plugins/fr.ac6.mcu.externaltools.arm-none.win32_1.13.2.201705091103/tools/compiler/bin/../lib/gcc/arm-none-eabi/5.4.1/../../../../arm-none-eabi/lib/armv7e-m/fpu/crt0.o
LOAD Drivers/BSP/Components/cs43l22.o
LOAD Drivers/BSP/Components/lis302dl.o
LOAD Drivers/BSP/Components/lis3dsh.o
LOAD Drivers/BSP/STM32F4-Discovery/stm32f4_discovery.o
LOAD Drivers/BSP/STM32F4-Discovery/stm32f4_discovery_accelerometer.o
LOAD Drivers/BSP/STM32F4-Discovery/stm32f4_discovery_audio.o
LOAD Drivers/CMSIS/system_stm32f4xx.o
LOAD Drivers/STM32F4xx_HAL_Driver/stm32f4xx_hal.o
LOAD Drivers/STM32F4xx_HAL_Driver/stm32f4xx_hal_cortex.o
LOAD Drivers/STM32F4xx_HAL_Driver/stm32f4xx_hal_dma.o
LOAD Drivers/STM32F4xx_HAL_Driver/stm32f4xx_hal_flash.o
LOAD Drivers/STM32F4xx_HAL_Driver/stm32f4xx_hal_flash_ex.o
LOAD Drivers/STM32F4xx_HAL_Driver/stm32f4xx_hal_gpio.o
LOAD Drivers/STM32F4xx_HAL_Driver/stm32f4xx_hal_i2c.o
LOAD Drivers/STM32F4xx_HAL_Driver/stm32f4xx_hal_i2c_ex.o
LOAD Drivers/STM32F4xx_HAL_Driver/stm32f4xx_hal_i2s.o
LOAD Drivers/STM32F4xx_HAL_Driver/stm32f4xx_hal_i2s_ex.o
LOAD Drivers/STM32F4xx_HAL_Driver/stm32f4xx_hal_pwr.o
LOAD Drivers/STM32F4xx_HAL_Driver/stm32f4xx_hal_pwr_ex.o
LOAD Drivers/STM32F4xx_HAL_Driver/stm32f4xx_hal_rcc.o
LOAD Drivers/STM32F4xx_HAL_Driver/stm32f4xx_hal_rcc_ex.o
LOAD Drivers/STM32F4xx_HAL_Driver/stm32f4xx_hal_spi.o
LOAD Example/SW4STM32/startup_stm32f407xx.o
LOAD Example/User/audio_play.o
LOAD Example/User/audio_record.o
LOAD Example/User/main.o
LOAD Example/User/mems.o
LOAD Example/User/stm32f4xx_it.o
LOAD syscalls.o
LOAD D:\users\F27285C\STM32Cube\Repository\STM32Cube_FW_F4_V1.16.0\Middlewares\ST\STM32_Audio\Addons\PDM/libPDMFilter_CM4F_GCC.a
LOAD c:/ac6/systemworkbench/plugins/fr.ac6.mcu.externaltools.arm-none.win32_1.13.2.201705091103/tools/compiler/bin/../lib/gcc/arm-none-eabi/5.4.1/../../../../arm-none-eabi/lib/armv7e-m/fpu\libm.a
START GROUP
LOAD c:/ac6/systemworkbench/plugins/fr.ac6.mcu.externaltools.arm-none.win32_1.13.2.201705091103/tools/compiler/bin/../lib/gcc/arm-none-eabi/5.4.1/armv7e-m/fpu\libgcc.a
LOAD c:/ac6/systemworkbench/plugins/fr.ac6.mcu.externaltools.arm-none.win32_1.13.2.201705091103/tools/compiler/bin/../lib/gcc/arm-none-eabi/5.4.1/../../../../arm-none-eabi/lib/armv7e-m/fpu\libc_nano.a
END GROUP
START GROUP
LOAD c:/ac6/systemworkbench/plugins/fr.ac6.mcu.externaltools.arm-none.win32_1.13.2.201705091103/tools/compiler/bin/../lib/gcc/arm-none-eabi/5.4.1/armv7e-m/fpu\libgcc.a
LOAD c:/ac6/systemworkbench/plugins/fr.ac6.mcu.externaltools.arm-none.win32_1.13.2.201705091103/tools/compiler/bin/../lib/gcc/arm-none-eabi/5.4.1/../../../../arm-none-eabi/lib/armv7e-m/fpu\libc_nano.a
LOAD c:/ac6/systemworkbench/plugins/fr.ac6.mcu.externaltools.arm-none.win32_1.13.2.201705091103/tools/compiler/bin/../lib/gcc/arm-none-eabi/5.4.1/../../../../arm-none-eabi/lib/armv7e-m/fpu\libnosys.a
END GROUP
START GROUP
LOAD c:/ac6/systemworkbench/plugins/fr.ac6.mcu.externaltools.arm-none.win32_1.13.2.201705091103/tools/compiler/bin/../lib/gcc/arm-none-eabi/5.4.1/armv7e-m/fpu\libgcc.a
LOAD c:/ac6/systemworkbench/plugins/fr.ac6.mcu.externaltools.arm-none.win32_1.13.2.201705091103/tools/compiler/bin/../lib/gcc/arm-none-eabi/5.4.1/../../../../arm-none-eabi/lib/armv7e-m/fpu\libc_nano.a
LOAD c:/ac6/systemworkbench/plugins/fr.ac6.mcu.externaltools.arm-none.win32_1.13.2.201705091103/tools/compiler/bin/../lib/gcc/arm-none-eabi/5.4.1/../../../../arm-none-eabi/lib/armv7e-m/fpu\libnosys.a
END GROUP
LOAD c:/ac6/systemworkbench/plugins/fr.ac6.mcu.externaltools.arm-none.win32_1.13.2.201705091103/tools/compiler/bin/../lib/gcc/arm-none-eabi/5.4.1/armv7e-m/fpu/crtend.o
LOAD c:/ac6/systemworkbench/plugins/fr.ac6.mcu.externaltools.arm-none.win32_1.13.2.201705091103/tools/compiler/bin/../lib/gcc/arm-none-eabi/5.4.1/armv7e-m/fpu/crtn.o
                0x20020000                _estack = 0x20020000
                0x00000200                _Min_Heap_Size = 0x200
                0x00000400                _Min_Stack_Size = 0x400

.isr_vector     0x08000000      0x188
                0x08000000                . = ALIGN (0x4)
 *(.isr_vector)
 .isr_vector    0x08000000      0x188 Example/SW4STM32/startup_stm32f407xx.o
                0x08000000                g_pfnVectors
                0x08000188                . = ALIGN (0x4)

.text           0x08000188     0x61a8
                0x08000188                . = ALIGN (0x4)
 *(.text)
 .text          0x08000188       0x5c c:/ac6/systemworkbench/plugins/fr.ac6.mcu.externaltools.arm-none.win32_1.13.2.201705091103/tools/compiler/bin/../lib/gcc/arm-none-eabi/5.4.1/armv7e-m/fpu/crtbegin.o
 .text          0x080001e4      0x370 c:/ac6/systemworkbench/plugins/fr.ac6.mcu.externaltools.arm-none.win32_1.13.2.201705091103/tools/compiler/bin/../lib/gcc/arm-none-eabi/5.4.1/armv7e-m/fpu\libgcc.a(_arm_addsubdf3.o)
                0x080001e4                __aeabi_drsub
                0x080001ec                __aeabi_dsub
                0x080001ec                __subdf3
                0x080001f0                __aeabi_dadd
                0x080001f0                __adddf3
                0x08000468                __floatunsidf
                0x08000468                __aeabi_ui2d
                0x08000488                __floatsidf
                0x08000488                __aeabi_i2d
                0x080004ac                __aeabi_f2d
                0x080004ac                __extendsfdf2
                0x080004e8                __floatundidf
                0x080004e8                __aeabi_ul2d
                0x080004f8                __floatdidf
                0x080004f8                __aeabi_l2d
 .text          0x08000554      0x424 c:/ac6/systemworkbench/plugins/fr.ac6.mcu.externaltools.arm-none.win32_1.13.2.201705091103/tools/compiler/bin/../lib/gcc/arm-none-eabi/5.4.1/armv7e-m/fpu\libgcc.a(_arm_muldivdf3.o)
                0x08000554                __aeabi_dmul
                0x08000554                __muldf3
                0x080007a8                __divdf3
                0x080007a8                __aeabi_ddiv
 .text          0x08000978      0x110 c:/ac6/systemworkbench/plugins/fr.ac6.mcu.externaltools.arm-none.win32_1.13.2.201705091103/tools/compiler/bin/../lib/gcc/arm-none-eabi/5.4.1/armv7e-m/fpu\libgcc.a(_arm_cmpdf2.o)
                0x08000978                __gtdf2
                0x08000978                __gedf2
                0x08000980                __ltdf2
                0x08000980                __ledf2
                0x08000988                __nedf2
                0x08000988                __eqdf2
                0x08000988                __cmpdf2
                0x08000a04                __aeabi_cdrcmple
                0x08000a14                __aeabi_cdcmpeq
                0x08000a14                __aeabi_cdcmple
                0x08000a24                __aeabi_dcmpeq
                0x08000a38                __aeabi_dcmplt
                0x08000a4c                __aeabi_dcmple
                0x08000a60                __aeabi_dcmpge
                0x08000a74                __aeabi_dcmpgt
 .text          0x08000a88       0x2c c:/ac6/systemworkbench/plugins/fr.ac6.mcu.externaltools.arm-none.win32_1.13.2.201705091103/tools/compiler/bin/../lib/gcc/arm-none-eabi/5.4.1/armv7e-m/fpu\libgcc.a(_arm_unorddf2.o)
                0x08000a88                __unorddf2
                0x08000a88                __aeabi_dcmpun
 .text          0x08000ab4       0x50 c:/ac6/systemworkbench/plugins/fr.ac6.mcu.externaltools.arm-none.win32_1.13.2.201705091103/tools/compiler/bin/../lib/gcc/arm-none-eabi/5.4.1/armv7e-m/fpu\libgcc.a(_arm_fixdfsi.o)
                0x08000ab4                __aeabi_d2iz
                0x08000ab4                __fixdfsi
 .text          0x08000b04       0x40 c:/ac6/systemworkbench/plugins/fr.ac6.mcu.externaltools.arm-none.win32_1.13.2.201705091103/tools/compiler/bin/../lib/gcc/arm-none-eabi/5.4.1/armv7e-m/fpu\libgcc.a(_arm_fixunsdfsi.o)
                0x08000b04                __aeabi_d2uiz
                0x08000b04                __fixunsdfsi
 .text          0x08000b44       0xa0 c:/ac6/systemworkbench/plugins/fr.ac6.mcu.externaltools.arm-none.win32_1.13.2.201705091103/tools/compiler/bin/../lib/gcc/arm-none-eabi/5.4.1/armv7e-m/fpu\libgcc.a(_arm_truncdfsf2.o)
                0x08000b44                __truncdfsf2
                0x08000b44                __aeabi_d2f
 *(.text*)
 .text.cs43l22_SetFrequency
                0x08000be4        0x4 Drivers/BSP/Components/cs43l22.o
                0x08000be4                cs43l22_SetFrequency
 .text.cs43l22_Reset
                0x08000be8        0x4 Drivers/BSP/Components/cs43l22.o
                0x08000be8                cs43l22_Reset
 .text.cs43l22_SetVolume
                0x08000bec       0x46 Drivers/BSP/Components/cs43l22.o
                0x08000bec                cs43l22_SetVolume
 *fill*         0x08000c32        0x2 
 .text.cs43l22_Init
                0x08000c34       0xc8 Drivers/BSP/Components/cs43l22.o
                0x08000c34                cs43l22_Init
 .text.cs43l22_DeInit
                0x08000cfc        0x4 Drivers/BSP/Components/cs43l22.o
                0x08000cfc                cs43l22_DeInit
 .text.cs43l22_ReadID
                0x08000d00       0x16 Drivers/BSP/Components/cs43l22.o
                0x08000d00                cs43l22_ReadID
 .text.cs43l22_SetMute.part.0
                0x08000d16       0x24 Drivers/BSP/Components/cs43l22.o
 *fill*         0x08000d3a        0x2 
 .text.cs43l22_SetMute
                0x08000d3c       0x38 Drivers/BSP/Components/cs43l22.o
                0x08000d3c                cs43l22_SetMute
 .text.cs43l22_Resume
                0x08000d74       0x44 Drivers/BSP/Components/cs43l22.o
                0x08000d74                cs43l22_Resume
 .text.cs43l22_Pause
                0x08000db8       0x16 Drivers/BSP/Components/cs43l22.o
                0x08000db8                cs43l22_Pause
 *fill*         0x08000dce        0x2 
 .text.cs43l22_Stop
                0x08000dd0       0x2c Drivers/BSP/Components/cs43l22.o
                0x08000dd0                cs43l22_Stop
 .text.cs43l22_Play
                0x08000dfc       0x3c Drivers/BSP/Components/cs43l22.o
                0x08000dfc                cs43l22_Play
 .text.cs43l22_SetOutputMode
                0x08000e38       0x4c Drivers/BSP/Components/cs43l22.o
                0x08000e38                cs43l22_SetOutputMode
 .text.LIS302DL_DeInit
                0x08000e84        0x2 Drivers/BSP/Components/lis302dl.o
                0x08000e84                LIS302DL_DeInit
 .text.LIS302DL_Init
                0x08000e86       0x20 Drivers/BSP/Components/lis302dl.o
                0x08000e86                LIS302DL_Init
 .text.LIS302DL_ReadID
                0x08000ea6       0x20 Drivers/BSP/Components/lis302dl.o
                0x08000ea6                LIS302DL_ReadID
 .text.LIS302DL_FilterConfig
                0x08000ec6       0x32 Drivers/BSP/Components/lis302dl.o
                0x08000ec6                LIS302DL_FilterConfig
 .text.LIS302DL_Click_IntClear
                0x08000ef8       0x22 Drivers/BSP/Components/lis302dl.o
                0x08000ef8                LIS302DL_Click_IntClear
 .text.LIS302DL_RebootCmd
                0x08000f1a       0x2c Drivers/BSP/Components/lis302dl.o
                0x08000f1a                LIS302DL_RebootCmd
 .text.LIS302DL_ReadACC
                0x08000f46       0x4a Drivers/BSP/Components/lis302dl.o
                0x08000f46                LIS302DL_ReadACC
 .text.LIS302DL_InterruptConfig
                0x08000f90       0x32 Drivers/BSP/Components/lis302dl.o
                0x08000f90                LIS302DL_InterruptConfig
 .text.LIS302DL_Click_IntConfig
                0x08000fc2       0xa8 Drivers/BSP/Components/lis302dl.o
                0x08000fc2                LIS302DL_Click_IntConfig
 .text.LIS3DSH_DeInit
                0x0800106a        0x2 Drivers/BSP/Components/lis3dsh.o
                0x0800106a                LIS3DSH_DeInit
 .text.LIS3DSH_Init
                0x0800106c       0x32 Drivers/BSP/Components/lis3dsh.o
                0x0800106c                LIS3DSH_Init
 .text.LIS3DSH_ReadID
                0x0800109e       0x20 Drivers/BSP/Components/lis3dsh.o
                0x0800109e                LIS3DSH_ReadID
 .text.LIS3DSH_RebootCmd
                0x080010be       0x2c Drivers/BSP/Components/lis3dsh.o
                0x080010be                LIS3DSH_RebootCmd
 *fill*         0x080010ea        0x2 
 .text.LIS3DSH_ReadACC
                0x080010ec       0xac Drivers/BSP/Components/lis3dsh.o
                0x080010ec                LIS3DSH_ReadACC
 .text.LIS3DSH_InterruptConfig
                0x08001198       0x4a Drivers/BSP/Components/lis3dsh.o
                0x08001198                LIS3DSH_InterruptConfig
 .text.LIS3DSH_Click_IntConfig
                0x080011e2       0xd8 Drivers/BSP/Components/lis3dsh.o
                0x080011e2                LIS3DSH_Click_IntConfig
 *fill*         0x080012ba        0x2 
 .text.SPIx_Init
                0x080012bc       0x94 Drivers/BSP/STM32F4-Discovery/stm32f4_discovery.o
 .text.SPIx_WriteRead
                0x08001350       0x40 Drivers/BSP/STM32F4-Discovery/stm32f4_discovery.o
 .text.I2Cx_Init
                0x08001390       0xc0 Drivers/BSP/STM32F4-Discovery/stm32f4_discovery.o
 .text.BSP_LED_Init
                0x08001450       0xb0 Drivers/BSP/STM32F4-Discovery/stm32f4_discovery.o
                0x08001450                BSP_LED_Init
 .text.BSP_LED_On
                0x08001500       0x1c Drivers/BSP/STM32F4-Discovery/stm32f4_discovery.o
                0x08001500                BSP_LED_On
 .text.BSP_LED_Off
                0x0800151c       0x1c Drivers/BSP/STM32F4-Discovery/stm32f4_discovery.o
                0x0800151c                BSP_LED_Off
 .text.BSP_PB_Init
                0x08001538       0x7c Drivers/BSP/STM32F4-Discovery/stm32f4_discovery.o
                0x08001538                BSP_PB_Init
 .text.BSP_PB_GetState
                0x080015b4       0x18 Drivers/BSP/STM32F4-Discovery/stm32f4_discovery.o
                0x080015b4                BSP_PB_GetState
 .text.ACCELERO_IO_Init
                0x080015cc       0x4c Drivers/BSP/STM32F4-Discovery/stm32f4_discovery.o
                0x080015cc                ACCELERO_IO_Init
 .text.ACCELERO_IO_ITConfig
                0x08001618       0x50 Drivers/BSP/STM32F4-Discovery/stm32f4_discovery.o
                0x08001618                ACCELERO_IO_ITConfig
 .text.ACCELERO_IO_Write
                0x08001668       0x44 Drivers/BSP/STM32F4-Discovery/stm32f4_discovery.o
                0x08001668                ACCELERO_IO_Write
 .text.ACCELERO_IO_Read
                0x080016ac       0x48 Drivers/BSP/STM32F4-Discovery/stm32f4_discovery.o
                0x080016ac                ACCELERO_IO_Read
 .text.AUDIO_IO_Init
                0x080016f4       0x64 Drivers/BSP/STM32F4-Discovery/stm32f4_discovery.o
                0x080016f4                AUDIO_IO_Init
 .text.AUDIO_IO_DeInit
                0x08001758        0x2 Drivers/BSP/STM32F4-Discovery/stm32f4_discovery.o
                0x08001758                AUDIO_IO_DeInit
 *fill*         0x0800175a        0x2 
 .text.AUDIO_IO_Write
                0x0800175c       0x38 Drivers/BSP/STM32F4-Discovery/stm32f4_discovery.o
                0x0800175c                AUDIO_IO_Write
 .text.AUDIO_IO_Read
                0x08001794       0x40 Drivers/BSP/STM32F4-Discovery/stm32f4_discovery.o
                0x08001794                AUDIO_IO_Read
 .text.BSP_ACCELERO_Init
                0x080017d4       0x48 Drivers/BSP/STM32F4-Discovery/stm32f4_discovery_accelerometer.o
                0x080017d4                BSP_ACCELERO_Init
 .text.BSP_ACCELERO_ReadID
                0x0800181c       0x10 Drivers/BSP/STM32F4-Discovery/stm32f4_discovery_accelerometer.o
                0x0800181c                BSP_ACCELERO_ReadID
 .text.BSP_ACCELERO_Click_ITConfig
                0x0800182c       0x10 Drivers/BSP/STM32F4-Discovery/stm32f4_discovery_accelerometer.o
                0x0800182c                BSP_ACCELERO_Click_ITConfig
 .text.BSP_ACCELERO_Click_ITClear
                0x0800183c       0x10 Drivers/BSP/STM32F4-Discovery/stm32f4_discovery_accelerometer.o
                0x0800183c                BSP_ACCELERO_Click_ITClear
 .text.BSP_ACCELERO_GetXYZ
                0x0800184c       0x2c Drivers/BSP/STM32F4-Discovery/stm32f4_discovery_accelerometer.o
                0x0800184c                BSP_ACCELERO_GetXYZ
 .text.I2S3_Init
                0x08001878       0x40 Drivers/BSP/STM32F4-Discovery/stm32f4_discovery_audio.o
 .text.BSP_AUDIO_OUT_Play
                0x080018b8       0x3c Drivers/BSP/STM32F4-Discovery/stm32f4_discovery_audio.o
                0x080018b8                BSP_AUDIO_OUT_Play
 .text.BSP_AUDIO_OUT_ChangeBuffer
                0x080018f4       0x10 Drivers/BSP/STM32F4-Discovery/stm32f4_discovery_audio.o
                0x080018f4                BSP_AUDIO_OUT_ChangeBuffer
 .text.BSP_AUDIO_OUT_Pause
                0x08001904       0x28 Drivers/BSP/STM32F4-Discovery/stm32f4_discovery_audio.o
                0x08001904                BSP_AUDIO_OUT_Pause
 .text.BSP_AUDIO_OUT_Resume
                0x0800192c       0x28 Drivers/BSP/STM32F4-Discovery/stm32f4_discovery_audio.o
                0x0800192c                BSP_AUDIO_OUT_Resume
 .text.BSP_AUDIO_OUT_Stop
                0x08001954       0x44 Drivers/BSP/STM32F4-Discovery/stm32f4_discovery_audio.o
                0x08001954                BSP_AUDIO_OUT_Stop
 .text.BSP_AUDIO_OUT_ClockConfig
                0x08001998       0x54 Drivers/BSP/STM32F4-Discovery/stm32f4_discovery_audio.o
                0x08001998                BSP_AUDIO_OUT_ClockConfig
 .text.BSP_AUDIO_OUT_MspInit
                0x080019ec      0x11c Drivers/BSP/STM32F4-Discovery/stm32f4_discovery_audio.o
                0x080019ec                BSP_AUDIO_OUT_MspInit
 .text.BSP_AUDIO_OUT_Init
                0x08001b08       0x70 Drivers/BSP/STM32F4-Discovery/stm32f4_discovery_audio.o
                0x08001b08                BSP_AUDIO_OUT_Init
 .text.HAL_I2S_TxCpltCallback
                0x08001b78       0x14 Drivers/BSP/STM32F4-Discovery/stm32f4_discovery_audio.o
                0x08001b78                HAL_I2S_TxCpltCallback
 .text.BSP_AUDIO_OUT_HalfTransfer_CallBack
                0x08001b8c        0x2 Drivers/BSP/STM32F4-Discovery/stm32f4_discovery_audio.o
                0x08001b8c                BSP_AUDIO_OUT_HalfTransfer_CallBack
 *fill*         0x08001b8e        0x2 
 .text.HAL_I2S_TxHalfCpltCallback
                0x08001b90       0x14 Drivers/BSP/STM32F4-Discovery/stm32f4_discovery_audio.o
                0x08001b90                HAL_I2S_TxHalfCpltCallback
 .text.BSP_AUDIO_IN_Record
                0x08001ba4       0x14 Drivers/BSP/STM32F4-Discovery/stm32f4_discovery_audio.o
                0x08001ba4                BSP_AUDIO_IN_Record
 .text.BSP_AUDIO_IN_Stop
                0x08001bb8       0x10 Drivers/BSP/STM32F4-Discovery/stm32f4_discovery_audio.o
                0x08001bb8                BSP_AUDIO_IN_Stop
 .text.BSP_AUDIO_IN_PDMToPCM
                0x08001bc8       0x48 Drivers/BSP/STM32F4-Discovery/stm32f4_discovery_audio.o
                0x08001bc8                BSP_AUDIO_IN_PDMToPCM
 .text.BSP_AUDIO_IN_ClockConfig
                0x08001c10       0x30 Drivers/BSP/STM32F4-Discovery/stm32f4_discovery_audio.o
                0x08001c10                BSP_AUDIO_IN_ClockConfig
 .text.BSP_AUDIO_IN_MspInit
                0x08001c40      0x114 Drivers/BSP/STM32F4-Discovery/stm32f4_discovery_audio.o
                0x08001c40                BSP_AUDIO_IN_MspInit
 .text.BSP_AUDIO_IN_Init
                0x08001d54       0xc8 Drivers/BSP/STM32F4-Discovery/stm32f4_discovery_audio.o
                0x08001d54                BSP_AUDIO_IN_Init
 .text.HAL_I2S_RxCpltCallback
                0x08001e1c        0x8 Drivers/BSP/STM32F4-Discovery/stm32f4_discovery_audio.o
                0x08001e1c                HAL_I2S_RxCpltCallback
 .text.HAL_I2S_RxHalfCpltCallback
                0x08001e24        0x8 Drivers/BSP/STM32F4-Discovery/stm32f4_discovery_audio.o
                0x08001e24                HAL_I2S_RxHalfCpltCallback
 .text.HAL_I2S_ErrorCallback
                0x08001e2c       0x28 Drivers/BSP/STM32F4-Discovery/stm32f4_discovery_audio.o
                0x08001e2c                HAL_I2S_ErrorCallback
 .text.SystemInit
                0x08001e54       0x4c Drivers/CMSIS/system_stm32f4xx.o
                0x08001e54                SystemInit
 .text.HAL_MspInit
                0x08001ea0        0x2 Drivers/STM32F4xx_HAL_Driver/stm32f4xx_hal.o
                0x08001ea0                HAL_MspInit
 *fill*         0x08001ea2        0x2 
 .text.HAL_InitTick
                0x08001ea4       0x28 Drivers/STM32F4xx_HAL_Driver/stm32f4xx_hal.o
                0x08001ea4                HAL_InitTick
 .text.HAL_Init
                0x08001ecc       0x2c Drivers/STM32F4xx_HAL_Driver/stm32f4xx_hal.o
                0x08001ecc                HAL_Init
 .text.HAL_IncTick
                0x08001ef8       0x10 Drivers/STM32F4xx_HAL_Driver/stm32f4xx_hal.o
                0x08001ef8                HAL_IncTick
 .text.HAL_GetTick
                0x08001f08        0xc Drivers/STM32F4xx_HAL_Driver/stm32f4xx_hal.o
                0x08001f08                HAL_GetTick
 .text.HAL_Delay
                0x08001f14       0x20 Drivers/STM32F4xx_HAL_Driver/stm32f4xx_hal.o
                0x08001f14                HAL_Delay
 .text.HAL_GetREVID
                0x08001f34        0xc Drivers/STM32F4xx_HAL_Driver/stm32f4xx_hal.o
                0x08001f34                HAL_GetREVID
 .text.HAL_NVIC_SetPriorityGrouping
                0x08001f40       0x24 Drivers/STM32F4xx_HAL_Driver/stm32f4xx_hal_cortex.o
                0x08001f40                HAL_NVIC_SetPriorityGrouping
 .text.HAL_NVIC_SetPriority
                0x08001f64       0x68 Drivers/STM32F4xx_HAL_Driver/stm32f4xx_hal_cortex.o
                0x08001f64                HAL_NVIC_SetPriority
 .text.HAL_NVIC_EnableIRQ
                0x08001fcc       0x18 Drivers/STM32F4xx_HAL_Driver/stm32f4xx_hal_cortex.o
                0x08001fcc                HAL_NVIC_EnableIRQ
 .text.HAL_SYSTICK_Config
                0x08001fe4       0x2c Drivers/STM32F4xx_HAL_Driver/stm32f4xx_hal_cortex.o
                0x08001fe4                HAL_SYSTICK_Config
 .text.DMA_CalcBaseAndBitshift
                0x08002010       0x2c Drivers/STM32F4xx_HAL_Driver/stm32f4xx_hal_dma.o
 .text.HAL_DMA_Init
                0x0800203c       0xec Drivers/STM32F4xx_HAL_Driver/stm32f4xx_hal_dma.o
                0x0800203c                HAL_DMA_Init
 .text.HAL_DMA_DeInit
                0x08002128       0x4a Drivers/STM32F4xx_HAL_Driver/stm32f4xx_hal_dma.o
                0x08002128                HAL_DMA_DeInit
 .text.HAL_DMA_Start_IT
                0x08002172       0x80 Drivers/STM32F4xx_HAL_Driver/stm32f4xx_hal_dma.o
                0x08002172                HAL_DMA_Start_IT
 .text.HAL_DMA_Abort
                0x080021f2       0x86 Drivers/STM32F4xx_HAL_Driver/stm32f4xx_hal_dma.o
                0x080021f2                HAL_DMA_Abort
 .text.HAL_DMA_IRQHandler
                0x08002278      0x17c Drivers/STM32F4xx_HAL_Driver/stm32f4xx_hal_dma.o
                0x08002278                HAL_DMA_IRQHandler
 .text.HAL_GPIO_Init
                0x080023f4      0x1c0 Drivers/STM32F4xx_HAL_Driver/stm32f4xx_hal_gpio.o
                0x080023f4                HAL_GPIO_Init
 .text.HAL_GPIO_ReadPin
                0x080025b4        0xc Drivers/STM32F4xx_HAL_Driver/stm32f4xx_hal_gpio.o
                0x080025b4                HAL_GPIO_ReadPin
 .text.HAL_GPIO_WritePin
                0x080025c0        0x8 Drivers/STM32F4xx_HAL_Driver/stm32f4xx_hal_gpio.o
                0x080025c0                HAL_GPIO_WritePin
 .text.HAL_GPIO_EXTI_IRQHandler
                0x080025c8       0x18 Drivers/STM32F4xx_HAL_Driver/stm32f4xx_hal_gpio.o
                0x080025c8                HAL_GPIO_EXTI_IRQHandler
 .text.I2C_IsAcknowledgeFailed
                0x080025e0       0x2a Drivers/STM32F4xx_HAL_Driver/stm32f4xx_hal_i2c.o
 .text.I2C_WaitOnMasterAddressFlagUntilTimeout
                0x0800260a       0x82 Drivers/STM32F4xx_HAL_Driver/stm32f4xx_hal_i2c.o
 .text.I2C_WaitOnFlagUntilTimeout
                0x0800268c       0x5e Drivers/STM32F4xx_HAL_Driver/stm32f4xx_hal_i2c.o
 .text.I2C_WaitOnTXEFlagUntilTimeout
                0x080026ea       0x4c Drivers/STM32F4xx_HAL_Driver/stm32f4xx_hal_i2c.o
 *fill*         0x08002736        0x2 
 .text.I2C_RequestMemoryWrite
                0x08002738       0xa0 Drivers/STM32F4xx_HAL_Driver/stm32f4xx_hal_i2c.o
 .text.I2C_RequestMemoryRead
                0x080027d8       0xf0 Drivers/STM32F4xx_HAL_Driver/stm32f4xx_hal_i2c.o
 .text.I2C_WaitOnRXNEFlagUntilTimeout
                0x080028c8       0x5a Drivers/STM32F4xx_HAL_Driver/stm32f4xx_hal_i2c.o
 .text.I2C_WaitOnBTFFlagUntilTimeout
                0x08002922       0x4c Drivers/STM32F4xx_HAL_Driver/stm32f4xx_hal_i2c.o
 .text.HAL_I2C_MspInit
                0x0800296e        0x2 Drivers/STM32F4xx_HAL_Driver/stm32f4xx_hal_i2c.o
                0x0800296e                HAL_I2C_MspInit
 .text.HAL_I2C_Init
                0x08002970       0xdc Drivers/STM32F4xx_HAL_Driver/stm32f4xx_hal_i2c.o
                0x08002970                HAL_I2C_Init
 .text.HAL_I2C_MspDeInit
                0x08002a4c        0x2 Drivers/STM32F4xx_HAL_Driver/stm32f4xx_hal_i2c.o
                0x08002a4c                HAL_I2C_MspDeInit
 .text.HAL_I2C_DeInit
                0x08002a4e       0x32 Drivers/STM32F4xx_HAL_Driver/stm32f4xx_hal_i2c.o
                0x08002a4e                HAL_I2C_DeInit
 .text.HAL_I2C_Mem_Write
                0x08002a80      0x130 Drivers/STM32F4xx_HAL_Driver/stm32f4xx_hal_i2c.o
                0x08002a80                HAL_I2C_Mem_Write
 .text.HAL_I2C_Mem_Read
                0x08002bb0      0x220 Drivers/STM32F4xx_HAL_Driver/stm32f4xx_hal_i2c.o
                0x08002bb0                HAL_I2C_Mem_Read
 .text.HAL_I2C_GetState
                0x08002dd0        0x6 Drivers/STM32F4xx_HAL_Driver/stm32f4xx_hal_i2c.o
                0x08002dd0                HAL_I2C_GetState
 .text.HAL_I2S_MspInit
                0x08002dd6        0x2 Drivers/STM32F4xx_HAL_Driver/stm32f4xx_hal_i2s.o
                0x08002dd6                HAL_I2S_MspInit
 .text.HAL_I2S_Transmit_DMA
                0x08002dd8       0xa4 Drivers/STM32F4xx_HAL_Driver/stm32f4xx_hal_i2s.o
                0x08002dd8                HAL_I2S_Transmit_DMA
 .text.HAL_I2S_Receive_DMA
                0x08002e7c       0xbc Drivers/STM32F4xx_HAL_Driver/stm32f4xx_hal_i2s.o
                0x08002e7c                HAL_I2S_Receive_DMA
 .text.HAL_I2S_DMAPause
                0x08002f38       0x74 Drivers/STM32F4xx_HAL_Driver/stm32f4xx_hal_i2s.o
                0x08002f38                HAL_I2S_DMAPause
 .text.HAL_I2S_DMAResume
                0x08002fac       0x9c Drivers/STM32F4xx_HAL_Driver/stm32f4xx_hal_i2s.o
                0x08002fac                HAL_I2S_DMAResume
 .text.HAL_I2S_DMAStop
                0x08003048       0xac Drivers/STM32F4xx_HAL_Driver/stm32f4xx_hal_i2s.o
                0x08003048                HAL_I2S_DMAStop
 .text.I2S_DMATxHalfCplt
                0x080030f4        0xa Drivers/STM32F4xx_HAL_Driver/stm32f4xx_hal_i2s.o
 .text.I2S_DMATxCplt
                0x080030fe       0x28 Drivers/STM32F4xx_HAL_Driver/stm32f4xx_hal_i2s.o
 .text.I2S_DMARxHalfCplt
                0x08003126        0xa Drivers/STM32F4xx_HAL_Driver/stm32f4xx_hal_i2s.o
 .text.I2S_DMARxCplt
                0x08003130       0x28 Drivers/STM32F4xx_HAL_Driver/stm32f4xx_hal_i2s.o
 .text.HAL_I2S_Init
                0x08003158      0x128 Drivers/STM32F4xx_HAL_Driver/stm32f4xx_hal_i2s.o
                0x08003158                HAL_I2S_Init
 .text.I2S_IRQHandler
                0x08003280      0x102 Drivers/STM32F4xx_HAL_Driver/stm32f4xx_hal_i2s.o
 .text.I2S_DMAError
                0x08003382       0x28 Drivers/STM32F4xx_HAL_Driver/stm32f4xx_hal_i2s.o
 .text.HAL_I2S_GetState
                0x080033aa        0x6 Drivers/STM32F4xx_HAL_Driver/stm32f4xx_hal_i2s.o
                0x080033aa                HAL_I2S_GetState
 .text.HAL_I2SEx_TxRxCpltCallback
                0x080033b0        0x2 Drivers/STM32F4xx_HAL_Driver/stm32f4xx_hal_i2s_ex.o
                0x080033b0                HAL_I2SEx_TxRxCpltCallback
 *fill*         0x080033b2        0x2 
 .text.HAL_I2SEx_FullDuplex_IRQHandler
                0x080033b4      0x29c Drivers/STM32F4xx_HAL_Driver/stm32f4xx_hal_i2s_ex.o
                0x080033b4                HAL_I2SEx_FullDuplex_IRQHandler
 .text.HAL_RCC_OscConfig
                0x08003650      0x31c Drivers/STM32F4xx_HAL_Driver/stm32f4xx_hal_rcc.o
                0x08003650                HAL_RCC_OscConfig
 .text.HAL_RCC_GetSysClockFreq
                0x0800396c       0x7c Drivers/STM32F4xx_HAL_Driver/stm32f4xx_hal_rcc.o
                0x0800396c                HAL_RCC_GetSysClockFreq
 .text.HAL_RCC_ClockConfig
                0x080039e8      0x168 Drivers/STM32F4xx_HAL_Driver/stm32f4xx_hal_rcc.o
                0x080039e8                HAL_RCC_ClockConfig
 .text.HAL_RCC_GetPCLK1Freq
                0x08003b50       0x30 Drivers/STM32F4xx_HAL_Driver/stm32f4xx_hal_rcc.o
                0x08003b50                HAL_RCC_GetPCLK1Freq
 .text.HAL_RCCEx_PeriphCLKConfig
                0x08003b80      0x150 Drivers/STM32F4xx_HAL_Driver/stm32f4xx_hal_rcc_ex.o
                0x08003b80                HAL_RCCEx_PeriphCLKConfig
 .text.HAL_RCCEx_GetPeriphCLKConfig
                0x08003cd0       0x4c Drivers/STM32F4xx_HAL_Driver/stm32f4xx_hal_rcc_ex.o
                0x08003cd0                HAL_RCCEx_GetPeriphCLKConfig
 .text.HAL_RCCEx_GetPeriphCLKFreq
                0x08003d1c       0x5c Drivers/STM32F4xx_HAL_Driver/stm32f4xx_hal_rcc_ex.o
                0x08003d1c                HAL_RCCEx_GetPeriphCLKFreq
 .text.SPI_WaitFlagStateUntilTimeout
                0x08003d78       0x8e Drivers/STM32F4xx_HAL_Driver/stm32f4xx_hal_spi.o
 .text.SPI_CheckFlag_BSY
                0x08003e06       0x20 Drivers/STM32F4xx_HAL_Driver/stm32f4xx_hal_spi.o
 .text.HAL_SPI_MspInit
                0x08003e26        0x2 Drivers/STM32F4xx_HAL_Driver/stm32f4xx_hal_spi.o
                0x08003e26                HAL_SPI_MspInit
 .text.HAL_SPI_Init
                0x08003e28       0x80 Drivers/STM32F4xx_HAL_Driver/stm32f4xx_hal_spi.o
                0x08003e28                HAL_SPI_Init
 .text.HAL_SPI_MspDeInit
                0x08003ea8        0x2 Drivers/STM32F4xx_HAL_Driver/stm32f4xx_hal_spi.o
                0x08003ea8                HAL_SPI_MspDeInit
 .text.HAL_SPI_DeInit
                0x08003eaa       0x2c Drivers/STM32F4xx_HAL_Driver/stm32f4xx_hal_spi.o
                0x08003eaa                HAL_SPI_DeInit
 .text.HAL_SPI_TransmitReceive
                0x08003ed6      0x2ba Drivers/STM32F4xx_HAL_Driver/stm32f4xx_hal_spi.o
                0x08003ed6                HAL_SPI_TransmitReceive
 .text.HAL_SPI_GetState
                0x08004190        0x6 Drivers/STM32F4xx_HAL_Driver/stm32f4xx_hal_spi.o
                0x08004190                HAL_SPI_GetState
 *fill*         0x08004196        0x2 
 .text.Reset_Handler
                0x08004198       0x50 Example/SW4STM32/startup_stm32f407xx.o
                0x08004198                Reset_Handler
 .text.Default_Handler
                0x080041e8        0x2 Example/SW4STM32/startup_stm32f407xx.o
                0x080041e8                RTC_Alarm_IRQHandler
                0x080041e8                HASH_RNG_IRQHandler
                0x080041e8                EXTI2_IRQHandler
                0x080041e8                TIM8_CC_IRQHandler
                0x080041e8                TIM1_CC_IRQHandler
                0x080041e8                DMA2_Stream5_IRQHandler
                0x080041e8                DMA1_Stream5_IRQHandler
                0x080041e8                PVD_IRQHandler
                0x080041e8                SDIO_IRQHandler
                0x080041e8                TAMP_STAMP_IRQHandler
                0x080041e8                CAN2_RX1_IRQHandler
                0x080041e8                EXTI3_IRQHandler
                0x080041e8                TIM8_TRG_COM_TIM14_IRQHandler
                0x080041e8                TIM1_UP_TIM10_IRQHandler
                0x080041e8                TIM8_UP_TIM13_IRQHandler
                0x080041e8                I2C3_ER_IRQHandler
                0x080041e8                I2C2_EV_IRQHandler
                0x080041e8                DMA1_Stream2_IRQHandler
                0x080041e8                CAN1_RX0_IRQHandler
                0x080041e8                FPU_IRQHandler
                0x080041e8                OTG_HS_WKUP_IRQHandler
                0x080041e8                CAN2_SCE_IRQHandler
                0x080041e8                DMA2_Stream2_IRQHandler
                0x080041e8                SPI1_IRQHandler
                0x080041e8                TIM6_DAC_IRQHandler
                0x080041e8                TIM1_BRK_TIM9_IRQHandler
                0x080041e8                DCMI_IRQHandler
                0x080041e8                CAN2_RX0_IRQHandler
                0x080041e8                DMA2_Stream3_IRQHandler
                0x080041e8                USART6_IRQHandler
                0x080041e8                USART3_IRQHandler
                0x080041e8                CAN1_RX1_IRQHandler
                0x080041e8                UART5_IRQHandler
                0x080041e8                DMA2_Stream0_IRQHandler
                0x080041e8                TIM4_IRQHandler
                0x080041e8                I2C1_EV_IRQHandler
                0x080041e8                DMA1_Stream6_IRQHandler
                0x080041e8                DMA1_Stream1_IRQHandler
                0x080041e8                UART4_IRQHandler
                0x080041e8                TIM3_IRQHandler
                0x080041e8                RCC_IRQHandler
                0x080041e8                TIM8_BRK_TIM12_IRQHandler
                0x080041e8                Default_Handler
                0x080041e8                EXTI15_10_IRQHandler
                0x080041e8                ADC_IRQHandler
                0x080041e8                TIM7_IRQHandler
                0x080041e8                CAN2_TX_IRQHandler
                0x080041e8                TIM5_IRQHandler
                0x080041e8                DMA2_Stream7_IRQHandler
                0x080041e8                I2C3_EV_IRQHandler
                0x080041e8                EXTI9_5_IRQHandler
                0x080041e8                RTC_WKUP_IRQHandler
                0x080041e8                ETH_WKUP_IRQHandler
                0x080041e8                SPI2_IRQHandler
                0x080041e8                OTG_HS_EP1_IN_IRQHandler
                0x080041e8                DMA1_Stream0_IRQHandler
                0x080041e8                CAN1_TX_IRQHandler
                0x080041e8                EXTI4_IRQHandler
                0x080041e8                FSMC_IRQHandler
                0x080041e8                ETH_IRQHandler
                0x080041e8                OTG_HS_EP1_OUT_IRQHandler
                0x080041e8                WWDG_IRQHandler
                0x080041e8                TIM2_IRQHandler
                0x080041e8                OTG_FS_WKUP_IRQHandler
                0x080041e8                TIM1_TRG_COM_TIM11_IRQHandler
                0x080041e8                OTG_HS_IRQHandler
                0x080041e8                USART2_IRQHandler
                0x080041e8                I2C2_ER_IRQHandler
                0x080041e8                DMA2_Stream1_IRQHandler
                0x080041e8                CAN1_SCE_IRQHandler
                0x080041e8                FLASH_IRQHandler
                0x080041e8                DMA2_Stream4_IRQHandler
                0x080041e8                USART1_IRQHandler
                0x080041e8                OTG_FS_IRQHandler
                0x080041e8                SPI3_IRQHandler
                0x080041e8                DMA1_Stream4_IRQHandler
                0x080041e8                I2C1_ER_IRQHandler
                0x080041e8                DMA2_Stream6_IRQHandler
 *fill*         0x080041ea        0x2 
 .text.AudioPlay_Test
                0x080041ec       0xcc Example/User/audio_play.o
                0x080041ec                AudioPlay_Test
 .text.BSP_AUDIO_OUT_TransferComplete_CallBack
                0x080042b8       0xa4 Example/User/audio_play.o
                0x080042b8                BSP_AUDIO_OUT_TransferComplete_CallBack
 .text.BSP_AUDIO_OUT_Error_CallBack
                0x0800435c        0x4 Example/User/audio_play.o
                0x0800435c                BSP_AUDIO_OUT_Error_CallBack
 .text.AudioRecord_Test
                0x08004360      0x1ac Example/User/audio_record.o
                0x08004360                AudioRecord_Test
 .text.BSP_AUDIO_IN_TransferComplete_CallBack
                0x0800450c        0xc Example/User/audio_record.o
                0x0800450c                BSP_AUDIO_IN_TransferComplete_CallBack
 .text.BSP_AUDIO_IN_HalfTransfer_CallBack
                0x08004518        0xc Example/User/audio_record.o
                0x08004518                BSP_AUDIO_IN_HalfTransfer_CallBack
 .text.BSP_AUDIO_IN_Error_Callback
                0x08004524        0x4 Example/User/audio_record.o
                0x08004524                BSP_AUDIO_IN_Error_Callback
 .text.startup.main
                0x08004528      0x100 Example/User/main.o
                0x08004528                main
 .text.HAL_GPIO_EXTI_Callback
                0x08004628       0x44 Example/User/main.o
                0x08004628                HAL_GPIO_EXTI_Callback
 .text.Error_Handler
                0x0800466c        0xa Example/User/main.o
                0x0800466c                Error_Handler
 *fill*         0x08004676        0x2 
 .text.ACCELERO_MEMS_Test
                0x08004678       0xa8 Example/User/mems.o
                0x08004678                ACCELERO_MEMS_Test
 .text.NMI_Handler
                0x08004720        0x2 Example/User/stm32f4xx_it.o
                0x08004720                NMI_Handler
 .text.HardFault_Handler
                0x08004722        0x2 Example/User/stm32f4xx_it.o
                0x08004722                HardFault_Handler
 .text.MemManage_Handler
                0x08004724        0x2 Example/User/stm32f4xx_it.o
                0x08004724                MemManage_Handler
 .text.BusFault_Handler
                0x08004726        0x2 Example/User/stm32f4xx_it.o
                0x08004726                BusFault_Handler
 .text.UsageFault_Handler
                0x08004728        0x2 Example/User/stm32f4xx_it.o
                0x08004728                UsageFault_Handler
 .text.SVC_Handler
                0x0800472a        0x2 Example/User/stm32f4xx_it.o
                0x0800472a                SVC_Handler
 .text.DebugMon_Handler
                0x0800472c        0x2 Example/User/stm32f4xx_it.o
                0x0800472c                DebugMon_Handler
 .text.PendSV_Handler
                0x0800472e        0x2 Example/User/stm32f4xx_it.o
                0x0800472e                PendSV_Handler
 .text.SysTick_Handler
                0x08004730        0x4 Example/User/stm32f4xx_it.o
                0x08004730                SysTick_Handler
 .text.EXTI0_IRQHandler
                0x08004734        0x6 Example/User/stm32f4xx_it.o
                0x08004734                EXTI0_IRQHandler
 .text.EXTI1_IRQHandler
                0x0800473a        0x6 Example/User/stm32f4xx_it.o
                0x0800473a                EXTI1_IRQHandler
 .text.DMA1_Stream7_IRQHandler
                0x08004740        0xc Example/User/stm32f4xx_it.o
                0x08004740                DMA1_Stream7_IRQHandler
 .text.DMA1_Stream3_IRQHandler
                0x0800474c        0xc Example/User/stm32f4xx_it.o
                0x0800474c                DMA1_Stream3_IRQHandler
 .text.PDM_Filter_Init
                0x08004758      0x208 D:\users\F27285C\STM32Cube\Repository\STM32Cube_FW_F4_V1.16.0\Middlewares\ST\STM32_Audio\Addons\PDM/libPDMFilter_CM4F_GCC.a(pdm_filter.o)
                0x08004758                PDM_Filter_Init
 .text.PDM_Filter_64_LSB
                0x08004960      0x350 D:\users\F27285C\STM32Cube\Repository\STM32Cube_FW_F4_V1.16.0\Middlewares\ST\STM32_Audio\Addons\PDM/libPDMFilter_CM4F_GCC.a(pdm_filter.o)
                0x08004960                PDM_Filter_64_LSB
 .text.cos      0x08004cb0       0xc0 c:/ac6/systemworkbench/plugins/fr.ac6.mcu.externaltools.arm-none.win32_1.13.2.201705091103/tools/compiler/bin/../lib/gcc/arm-none-eabi/5.4.1/../../../../arm-none-eabi/lib/armv7e-m/fpu\libm.a(lib_a-s_cos.o)
                0x08004cb0                cos
 .text.sqrt     0x08004d70       0xc0 c:/ac6/systemworkbench/plugins/fr.ac6.mcu.externaltools.arm-none.win32_1.13.2.201705091103/tools/compiler/bin/../lib/gcc/arm-none-eabi/5.4.1/../../../../arm-none-eabi/lib/armv7e-m/fpu\libm.a(lib_a-w_sqrt.o)
                0x08004d70                sqrt
 .text.__ieee754_rem_pio2
                0x08004e30      0x44c c:/ac6/systemworkbench/plugins/fr.ac6.mcu.externaltools.arm-none.win32_1.13.2.201705091103/tools/compiler/bin/../lib/gcc/arm-none-eabi/5.4.1/../../../../arm-none-eabi/lib/armv7e-m/fpu\libm.a(lib_a-e_rem_pio2.o)
                0x08004e30                __ieee754_rem_pio2
 .text.__ieee754_sqrt
                0x0800527c      0x1a0 c:/ac6/systemworkbench/plugins/fr.ac6.mcu.externaltools.arm-none.win32_1.13.2.201705091103/tools/compiler/bin/../lib/gcc/arm-none-eabi/5.4.1/../../../../arm-none-eabi/lib/armv7e-m/fpu\libm.a(lib_a-e_sqrt.o)
                0x0800527c                __ieee754_sqrt
 *fill*         0x0800541c        0x4 
 .text.__kernel_cos
                0x08005420      0x284 c:/ac6/systemworkbench/plugins/fr.ac6.mcu.externaltools.arm-none.win32_1.13.2.201705091103/tools/compiler/bin/../lib/gcc/arm-none-eabi/5.4.1/../../../../arm-none-eabi/lib/armv7e-m/fpu\libm.a(lib_a-k_cos.o)
                0x08005420                __kernel_cos
 *fill*         0x080056a4        0x4 
 .text.__kernel_rem_pio2
                0x080056a8      0x820 c:/ac6/systemworkbench/plugins/fr.ac6.mcu.externaltools.arm-none.win32_1.13.2.201705091103/tools/compiler/bin/../lib/gcc/arm-none-eabi/5.4.1/../../../../arm-none-eabi/lib/armv7e-m/fpu\libm.a(lib_a-k_rem_pio2.o)
                0x080056a8                __kernel_rem_pio2
 .text.__kernel_sin
                0x08005ec8      0x194 c:/ac6/systemworkbench/plugins/fr.ac6.mcu.externaltools.arm-none.win32_1.13.2.201705091103/tools/compiler/bin/../lib/gcc/arm-none-eabi/5.4.1/../../../../arm-none-eabi/lib/armv7e-m/fpu\libm.a(lib_a-k_sin.o)
                0x08005ec8                __kernel_sin
 .text.fabs     0x0800605c       0x10 c:/ac6/systemworkbench/plugins/fr.ac6.mcu.externaltools.arm-none.win32_1.13.2.201705091103/tools/compiler/bin/../lib/gcc/arm-none-eabi/5.4.1/../../../../arm-none-eabi/lib/armv7e-m/fpu\libm.a(lib_a-s_fabs.o)
                0x0800605c                fabs
 *fill*         0x0800606c        0x4 
 .text.floor    0x08006070      0x120 c:/ac6/systemworkbench/plugins/fr.ac6.mcu.externaltools.arm-none.win32_1.13.2.201705091103/tools/compiler/bin/../lib/gcc/arm-none-eabi/5.4.1/../../../../arm-none-eabi/lib/armv7e-m/fpu\libm.a(lib_a-s_floor.o)
                0x08006070                floor
 .text.matherr  0x08006190        0x4 c:/ac6/systemworkbench/plugins/fr.ac6.mcu.externaltools.arm-none.win32_1.13.2.201705091103/tools/compiler/bin/../lib/gcc/arm-none-eabi/5.4.1/../../../../arm-none-eabi/lib/armv7e-m/fpu\libm.a(lib_a-s_matherr.o)
                0x08006190                matherr
 *fill*         0x08006194        0x4 
 .text.scalbn   0x08006198      0x10c c:/ac6/systemworkbench/plugins/fr.ac6.mcu.externaltools.arm-none.win32_1.13.2.201705091103/tools/compiler/bin/../lib/gcc/arm-none-eabi/5.4.1/../../../../arm-none-eabi/lib/armv7e-m/fpu\libm.a(lib_a-s_scalbn.o)
                0x08006198                scalbn
 .text.copysign
                0x080062a4       0x1c c:/ac6/systemworkbench/plugins/fr.ac6.mcu.externaltools.arm-none.win32_1.13.2.201705091103/tools/compiler/bin/../lib/gcc/arm-none-eabi/5.4.1/../../../../arm-none-eabi/lib/armv7e-m/fpu\libm.a(lib_a-s_copysign.o)
                0x080062a4                copysign
 .text.__errno  0x080062c0        0xc c:/ac6/systemworkbench/plugins/fr.ac6.mcu.externaltools.arm-none.win32_1.13.2.201705091103/tools/compiler/bin/../lib/gcc/arm-none-eabi/5.4.1/../../../../arm-none-eabi/lib/armv7e-m/fpu\libc_nano.a(lib_a-errno.o)
                0x080062c0                __errno
 .text.__libc_init_array
                0x080062cc       0x4c c:/ac6/systemworkbench/plugins/fr.ac6.mcu.externaltools.arm-none.win32_1.13.2.201705091103/tools/compiler/bin/../lib/gcc/arm-none-eabi/5.4.1/../../../../arm-none-eabi/lib/armv7e-m/fpu\libc_nano.a(lib_a-init.o)
                0x080062cc                __libc_init_array
 *(.glue_7)
 .glue_7        0x08006318        0x0 linker stubs
 *(.glue_7t)
 .glue_7t       0x08006318        0x0 linker stubs
 *(.eh_frame)
 .eh_frame      0x08006318        0x0 c:/ac6/systemworkbench/plugins/fr.ac6.mcu.externaltools.arm-none.win32_1.13.2.201705091103/tools/compiler/bin/../lib/gcc/arm-none-eabi/5.4.1/armv7e-m/fpu/crtbegin.o
 *(.init)
 .init          0x08006318        0x4 c:/ac6/systemworkbench/plugins/fr.ac6.mcu.externaltools.arm-none.win32_1.13.2.201705091103/tools/compiler/bin/../lib/gcc/arm-none-eabi/5.4.1/armv7e-m/fpu/crti.o
                0x08006318                _init
 .init          0x0800631c        0x8 c:/ac6/systemworkbench/plugins/fr.ac6.mcu.externaltools.arm-none.win32_1.13.2.201705091103/tools/compiler/bin/../lib/gcc/arm-none-eabi/5.4.1/armv7e-m/fpu/crtn.o
 *(.fini)
 .fini          0x08006324        0x4 c:/ac6/systemworkbench/plugins/fr.ac6.mcu.externaltools.arm-none.win32_1.13.2.201705091103/tools/compiler/bin/../lib/gcc/arm-none-eabi/5.4.1/armv7e-m/fpu/crti.o
                0x08006324                _fini
 .fini          0x08006328        0x8 c:/ac6/systemworkbench/plugins/fr.ac6.mcu.externaltools.arm-none.win32_1.13.2.201705091103/tools/compiler/bin/../lib/gcc/arm-none-eabi/5.4.1/armv7e-m/fpu/crtn.o
                0x08006330                . = ALIGN (0x4)
                0x08006330                _etext = .

.vfp11_veneer   0x08006330        0x0
 .vfp11_veneer  0x08006330        0x0 linker stubs

.v4_bx          0x08006330        0x0
 .v4_bx         0x08006330        0x0 linker stubs

.iplt           0x08006330        0x0
 .iplt          0x08006330        0x0 c:/ac6/systemworkbench/plugins/fr.ac6.mcu.externaltools.arm-none.win32_1.13.2.201705091103/tools/compiler/bin/../lib/gcc/arm-none-eabi/5.4.1/armv7e-m/fpu/crtbegin.o

.rodata         0x08006330      0x2d0
                0x08006330                . = ALIGN (0x4)
 *(.rodata)
 .rodata        0x08006330       0x64 Drivers/BSP/Components/lis3dsh.o
 .rodata        0x08006394        0xc Drivers/BSP/STM32F4-Discovery/stm32f4_discovery.o
                0x08006394                GPIO_PIN
                0x0800639c                BUTTON_IRQn
                0x0800639e                BUTTON_PIN
 .rodata        0x080063a0       0x60 Drivers/BSP/STM32F4-Discovery/stm32f4_discovery_audio.o
                0x080063a0                I2SFreq
                0x080063c0                I2SPLLN
                0x080063e0                I2SPLLR
 .rodata        0x08006400       0x18 Drivers/CMSIS/system_stm32f4xx.o
                0x08006400                AHBPrescTable
                0x08006410                APBPrescTable
 .rodata        0x08006418        0x8 Drivers/STM32F4xx_HAL_Driver/stm32f4xx_hal_dma.o
 *(.rodata*)
 .rodata.str1.4
                0x08006420        0x8 c:/ac6/systemworkbench/plugins/fr.ac6.mcu.externaltools.arm-none.win32_1.13.2.201705091103/tools/compiler/bin/../lib/gcc/arm-none-eabi/5.4.1/../../../../arm-none-eabi/lib/armv7e-m/fpu\libm.a(lib_a-w_sqrt.o)
                                  0x5 (size before relaxing)
 .rodata.npio2_hw
                0x08006428       0x80 c:/ac6/systemworkbench/plugins/fr.ac6.mcu.externaltools.arm-none.win32_1.13.2.201705091103/tools/compiler/bin/../lib/gcc/arm-none-eabi/5.4.1/../../../../arm-none-eabi/lib/armv7e-m/fpu\libm.a(lib_a-e_rem_pio2.o)
 .rodata.two_over_pi
                0x080064a8      0x108 c:/ac6/systemworkbench/plugins/fr.ac6.mcu.externaltools.arm-none.win32_1.13.2.201705091103/tools/compiler/bin/../lib/gcc/arm-none-eabi/5.4.1/../../../../arm-none-eabi/lib/armv7e-m/fpu\libm.a(lib_a-e_rem_pio2.o)
 .rodata.init_jk
                0x080065b0       0x10 c:/ac6/systemworkbench/plugins/fr.ac6.mcu.externaltools.arm-none.win32_1.13.2.201705091103/tools/compiler/bin/../lib/gcc/arm-none-eabi/5.4.1/../../../../arm-none-eabi/lib/armv7e-m/fpu\libm.a(lib_a-k_rem_pio2.o)
 .rodata.PIo2   0x080065c0       0x40 c:/ac6/systemworkbench/plugins/fr.ac6.mcu.externaltools.arm-none.win32_1.13.2.201705091103/tools/compiler/bin/../lib/gcc/arm-none-eabi/5.4.1/../../../../arm-none-eabi/lib/armv7e-m/fpu\libm.a(lib_a-k_rem_pio2.o)
                0x08006600                . = ALIGN (0x4)

.rel.dyn        0x08006600        0x0
 .rel.iplt      0x08006600        0x0 c:/ac6/systemworkbench/plugins/fr.ac6.mcu.externaltools.arm-none.win32_1.13.2.201705091103/tools/compiler/bin/../lib/gcc/arm-none-eabi/5.4.1/armv7e-m/fpu/crtbegin.o

.ARM.extab
 *(.ARM.extab* .gnu.linkonce.armextab.*)

.ARM            0x08006600        0x0
                0x08006600                __exidx_start = .
 *(.ARM.exidx*)
                0x08006600                __exidx_end = .

.preinit_array  0x08006600        0x0
                0x08006600                PROVIDE (__preinit_array_start, .)
 *(.preinit_array*)
                0x08006600                PROVIDE (__preinit_array_end, .)

.init_array     0x08006600        0x4
                0x08006600                PROVIDE (__init_array_start, .)
 *(SORT(.init_array.*))
 *(.init_array*)
 .init_array    0x08006600        0x4 c:/ac6/systemworkbench/plugins/fr.ac6.mcu.externaltools.arm-none.win32_1.13.2.201705091103/tools/compiler/bin/../lib/gcc/arm-none-eabi/5.4.1/armv7e-m/fpu/crtbegin.o
                0x08006604                PROVIDE (__init_array_end, .)

.fini_array     0x08006604        0x4
                [!provide]                PROVIDE (__fini_array_start, .)
 *(SORT(.fini_array.*))
 *(.fini_array*)
 .fini_array    0x08006604        0x4 c:/ac6/systemworkbench/plugins/fr.ac6.mcu.externaltools.arm-none.win32_1.13.2.201705091103/tools/compiler/bin/../lib/gcc/arm-none-eabi/5.4.1/armv7e-m/fpu/crtbegin.o
                [!provide]                PROVIDE (__fini_array_end, .)
                0x08006608                _sidata = LOADADDR (.data)

.data           0x20000000      0x4ec load address 0x08006608
                0x20000000                . = ALIGN (0x4)
                0x20000000                _sdata = .
 *(.data)
 .data          0x20000000       0x34 Drivers/BSP/Components/cs43l22.o
                0x20000004                cs43l22_drv
 .data          0x20000034       0x34 Drivers/BSP/Components/lis302dl.o
                0x20000034                Lis302dlDrv
 .data          0x20000068       0x34 Drivers/BSP/Components/lis3dsh.o
                0x20000068                Lis3dshDrv
 .data          0x2000009c       0x1c Drivers/BSP/STM32F4-Discovery/stm32f4_discovery.o
                0x2000009c                SpixTimeout
                0x200000a0                GPIO_PORT
                0x200000b0                BUTTON_PORT
                0x200000b4                I2cxTimeout
 .data          0x200000b8        0x2 Drivers/BSP/STM32F4-Discovery/stm32f4_discovery_audio.o
                0x200000b8                AudioInVolume
 *fill*         0x200000ba        0x2 
 .data          0x200000bc        0x4 Drivers/CMSIS/system_stm32f4xx.o
                0x200000bc                SystemCoreClock
 .data          0x200000c0        0x8 Example/User/audio_play.o
                0x200000c0                AudioTotalSize
                0x200000c4                AudioRemSize
 .data          0x200000c8       0xb8 Example/User/main.o
                0x200000c8                PauseResumeStatus
                0x200000cc                BSP_examples
 .data          0x20000180        0x4 Example/User/mems.o
                0x20000180                ThresholdHigh
                0x20000182                ThresholdLow
 *(.data*)
 .data.T0       0x20000184      0x100 D:\users\F27285C\STM32Cube\Repository\STM32Cube_FW_F4_V1.16.0\Middlewares\ST\STM32_Audio\Addons\PDM/libPDMFilter_CM4F_GCC.a(pdm_filter.o)
                0x20000184                T0
 .data.T1       0x20000284      0x100 D:\users\F27285C\STM32Cube\Repository\STM32Cube_FW_F4_V1.16.0\Middlewares\ST\STM32_Audio\Addons\PDM/libPDMFilter_CM4F_GCC.a(pdm_filter.o)
                0x20000284                T1
 .data.T2       0x20000384      0x100 D:\users\F27285C\STM32Cube\Repository\STM32Cube_FW_F4_V1.16.0\Middlewares\ST\STM32_Audio\Addons\PDM/libPDMFilter_CM4F_GCC.a(pdm_filter.o)
                0x20000384                T2
 .data.__fdlib_version
                0x20000484        0x1 c:/ac6/systemworkbench/plugins/fr.ac6.mcu.externaltools.arm-none.win32_1.13.2.201705091103/tools/compiler/bin/../lib/gcc/arm-none-eabi/5.4.1/../../../../arm-none-eabi/lib/armv7e-m/fpu\libm.a(lib_a-s_lib_ver.o)
                0x20000484                __fdlib_version
 *fill*         0x20000485        0x3 
 .data.impure_data
                0x20000488       0x60 c:/ac6/systemworkbench/plugins/fr.ac6.mcu.externaltools.arm-none.win32_1.13.2.201705091103/tools/compiler/bin/../lib/gcc/arm-none-eabi/5.4.1/../../../../arm-none-eabi/lib/armv7e-m/fpu\libc_nano.a(lib_a-impure.o)
 .data._impure_ptr
                0x200004e8        0x4 c:/ac6/systemworkbench/plugins/fr.ac6.mcu.externaltools.arm-none.win32_1.13.2.201705091103/tools/compiler/bin/../lib/gcc/arm-none-eabi/5.4.1/../../../../arm-none-eabi/lib/armv7e-m/fpu\libc_nano.a(lib_a-impure.o)
                0x200004e8                _impure_ptr
                0x200004ec                . = ALIGN (0x4)
                0x200004ec                _edata = .
                0x08006af4                _siccmram = LOADADDR (.ccmram)

.jcr            0x200004ec        0x0 load address 0x08006af4
 .jcr           0x200004ec        0x0 c:/ac6/systemworkbench/plugins/fr.ac6.mcu.externaltools.arm-none.win32_1.13.2.201705091103/tools/compiler/bin/../lib/gcc/arm-none-eabi/5.4.1/armv7e-m/fpu/crtbegin.o

.igot.plt       0x200004ec        0x0 load address 0x08006af4
 .igot.plt      0x200004ec        0x0 c:/ac6/systemworkbench/plugins/fr.ac6.mcu.externaltools.arm-none.win32_1.13.2.201705091103/tools/compiler/bin/../lib/gcc/arm-none-eabi/5.4.1/armv7e-m/fpu/crtbegin.o

.ccmram         0x10000000        0x0 load address 0x08006af4
                0x10000000                . = ALIGN (0x4)
                0x10000000                _sccmram = .
 *(.ccmram)
 *(.ccmram*)
                0x10000000                . = ALIGN (0x4)
                0x10000000                _eccmram = .
                0x10000000                . = ALIGN (0x4)

.bss            0x200004ec     0xe3f8
                0x200004ec                _sbss = .
                0x200004ec                __bss_start__ = _sbss
 *(.bss)
 .bss           0x200004ec       0x1c c:/ac6/systemworkbench/plugins/fr.ac6.mcu.externaltools.arm-none.win32_1.13.2.201705091103/tools/compiler/bin/../lib/gcc/arm-none-eabi/5.4.1/armv7e-m/fpu/crtbegin.o
 .bss           0x20000508        0x1 Drivers/BSP/Components/cs43l22.o
                0x20000508                OutputDev
 *fill*         0x20000509        0x3 
 .bss           0x2000050c       0xac Drivers/BSP/STM32F4-Discovery/stm32f4_discovery.o
 .bss           0x200005b8        0x4 Drivers/BSP/STM32F4-Discovery/stm32f4_discovery_accelerometer.o
 .bss           0x200005bc       0xc4 Drivers/BSP/STM32F4-Discovery/stm32f4_discovery_audio.o
 .bss           0x20000680        0x8 Example/User/audio_play.o
                0x20000680                waveformat
                0x20000684                AudioTest
 .bss           0x20000688      0x14c Example/User/audio_record.o
                0x20000788                AUDIODataReady
                0x200007cc                ITCounter
                0x200007d0                AUDIOBuffOffset
 .bss           0x200007d4        0x9 Example/User/main.o
                0x200007d4                UserPressButton
                0x200007d8                PressCount
                0x200007dc                DemoIndex
 *(.bss*)
 *fill*         0x200007dd        0x3 
 .bss.stm32_crc
                0x200007e0        0x4 D:\users\F27285C\STM32Cube\Repository\STM32Cube_FW_F4_V1.16.0\Middlewares\ST\STM32_Audio\Addons\PDM/libPDMFilter_CM4F_GCC.a(pdm_filter.o)
                0x200007e0                stm32_crc
 *(COMMON)
 COMMON         0x200007e4       0xc4 Drivers/BSP/STM32F4-Discovery/stm32f4_discovery_audio.o
                0x200007e4                Filter
                0x20000818                hAudioOutI2s
                0x20000860                hAudioInI2s
 COMMON         0x200008a8        0x4 Drivers/STM32F4xx_HAL_Driver/stm32f4xx_hal.o
                0x200008a8                uwTick
 COMMON         0x200008ac        0x4 Example/User/audio_play.o
                0x200008ac                CurrentPos
 COMMON         0x200008b0     0xe034 Example/User/audio_record.o
                0x200008b0                pHeaderBuff
                0x200008dc                BufferCtl
                0x200008e4                WrBuffer
                0x2000e8e4                . = ALIGN (0x4)
                0x2000e8e4                _ebss = .
                0x2000e8e4                __bss_end__ = _ebss

._user_heap_stack
                0x2000e8e4      0x600
                0x2000e8e4                . = ALIGN (0x4)
                0x2000e8e4                PROVIDE (end, .)
                [!provide]                PROVIDE (_end, .)
                0x2000eae4                . = (. + _Min_Heap_Size)
 *fill*         0x2000e8e4      0x200 
                0x2000eee4                . = (. + _Min_Stack_Size)
 *fill*         0x2000eae4      0x400 
                0x2000eee4                . = ALIGN (0x4)

/DISCARD/
 libc.a(*)
 libm.a(*)
 libgcc.a(*)

.ARM.attributes
                0x00000000       0x2e
 *(.ARM.attributes)
 .ARM.attributes
                0x00000000       0x22 c:/ac6/systemworkbench/plugins/fr.ac6.mcu.externaltools.arm-none.win32_1.13.2.201705091103/tools/compiler/bin/../lib/gcc/arm-none-eabi/5.4.1/armv7e-m/fpu/crti.o
 .ARM.attributes
                0x00000022       0x34 c:/ac6/systemworkbench/plugins/fr.ac6.mcu.externaltools.arm-none.win32_1.13.2.201705091103/tools/compiler/bin/../lib/gcc/arm-none-eabi/5.4.1/armv7e-m/fpu/crtbegin.o
 .ARM.attributes
                0x00000056       0x39 Drivers/BSP/Components/cs43l22.o
 .ARM.attributes
                0x0000008f       0x39 Drivers/BSP/Components/lis302dl.o
 .ARM.attributes
                0x000000c8       0x39 Drivers/BSP/Components/lis3dsh.o
 .ARM.attributes
                0x00000101       0x39 Drivers/BSP/STM32F4-Discovery/stm32f4_discovery.o
 .ARM.attributes
                0x0000013a       0x39 Drivers/BSP/STM32F4-Discovery/stm32f4_discovery_accelerometer.o
 .ARM.attributes
                0x00000173       0x39 Drivers/BSP/STM32F4-Discovery/stm32f4_discovery_audio.o
 .ARM.attributes
                0x000001ac       0x39 Drivers/CMSIS/system_stm32f4xx.o
 .ARM.attributes
                0x000001e5       0x39 Drivers/STM32F4xx_HAL_Driver/stm32f4xx_hal.o
 .ARM.attributes
                0x0000021e       0x39 Drivers/STM32F4xx_HAL_Driver/stm32f4xx_hal_cortex.o
 .ARM.attributes
                0x00000257       0x39 Drivers/STM32F4xx_HAL_Driver/stm32f4xx_hal_dma.o
 .ARM.attributes
                0x00000290       0x39 Drivers/STM32F4xx_HAL_Driver/stm32f4xx_hal_gpio.o
 .ARM.attributes
                0x000002c9       0x39 Drivers/STM32F4xx_HAL_Driver/stm32f4xx_hal_i2c.o
 .ARM.attributes
                0x00000302       0x39 Drivers/STM32F4xx_HAL_Driver/stm32f4xx_hal_i2s.o
 .ARM.attributes
                0x0000033b       0x39 Drivers/STM32F4xx_HAL_Driver/stm32f4xx_hal_i2s_ex.o
 .ARM.attributes
                0x00000374       0x39 Drivers/STM32F4xx_HAL_Driver/stm32f4xx_hal_rcc.o
 .ARM.attributes
                0x000003ad       0x39 Drivers/STM32F4xx_HAL_Driver/stm32f4xx_hal_rcc_ex.o
 .ARM.attributes
                0x000003e6       0x39 Drivers/STM32F4xx_HAL_Driver/stm32f4xx_hal_spi.o
 .ARM.attributes
                0x0000041f       0x21 Example/SW4STM32/startup_stm32f407xx.o
 .ARM.attributes
                0x00000440       0x39 Example/User/audio_play.o
 .ARM.attributes
                0x00000479       0x39 Example/User/audio_record.o
 .ARM.attributes
                0x000004b2       0x39 Example/User/main.o
 .ARM.attributes
                0x000004eb       0x39 Example/User/mems.o
 .ARM.attributes
                0x00000524       0x39 Example/User/stm32f4xx_it.o
 .ARM.attributes
                0x0000055d       0x35 D:\users\F27285C\STM32Cube\Repository\STM32Cube_FW_F4_V1.16.0\Middlewares\ST\STM32_Audio\Addons\PDM/libPDMFilter_CM4F_GCC.a(pdm_filter.o)
 .ARM.attributes
                0x00000592       0x34 c:/ac6/systemworkbench/plugins/fr.ac6.mcu.externaltools.arm-none.win32_1.13.2.201705091103/tools/compiler/bin/../lib/gcc/arm-none-eabi/5.4.1/../../../../arm-none-eabi/lib/armv7e-m/fpu\libm.a(lib_a-s_cos.o)
 .ARM.attributes
                0x000005c6       0x34 c:/ac6/systemworkbench/plugins/fr.ac6.mcu.externaltools.arm-none.win32_1.13.2.201705091103/tools/compiler/bin/../lib/gcc/arm-none-eabi/5.4.1/../../../../arm-none-eabi/lib/armv7e-m/fpu\libm.a(lib_a-w_sqrt.o)
 .ARM.attributes
                0x000005fa       0x34 c:/ac6/systemworkbench/plugins/fr.ac6.mcu.externaltools.arm-none.win32_1.13.2.201705091103/tools/compiler/bin/../lib/gcc/arm-none-eabi/5.4.1/../../../../arm-none-eabi/lib/armv7e-m/fpu\libm.a(lib_a-e_rem_pio2.o)
 .ARM.attributes
                0x0000062e       0x34 c:/ac6/systemworkbench/plugins/fr.ac6.mcu.externaltools.arm-none.win32_1.13.2.201705091103/tools/compiler/bin/../lib/gcc/arm-none-eabi/5.4.1/../../../../arm-none-eabi/lib/armv7e-m/fpu\libm.a(lib_a-e_sqrt.o)
 .ARM.attributes
                0x00000662       0x34 c:/ac6/systemworkbench/plugins/fr.ac6.mcu.externaltools.arm-none.win32_1.13.2.201705091103/tools/compiler/bin/../lib/gcc/arm-none-eabi/5.4.1/../../../../arm-none-eabi/lib/armv7e-m/fpu\libm.a(lib_a-k_cos.o)
 .ARM.attributes
                0x00000696       0x34 c:/ac6/systemworkbench/plugins/fr.ac6.mcu.externaltools.arm-none.win32_1.13.2.201705091103/tools/compiler/bin/../lib/gcc/arm-none-eabi/5.4.1/../../../../arm-none-eabi/lib/armv7e-m/fpu\libm.a(lib_a-k_rem_pio2.o)
 .ARM.attributes
                0x000006ca       0x34 c:/ac6/systemworkbench/plugins/fr.ac6.mcu.externaltools.arm-none.win32_1.13.2.201705091103/tools/compiler/bin/../lib/gcc/arm-none-eabi/5.4.1/../../../../arm-none-eabi/lib/armv7e-m/fpu\libm.a(lib_a-k_sin.o)
 .ARM.attributes
                0x000006fe       0x34 c:/ac6/systemworkbench/plugins/fr.ac6.mcu.externaltools.arm-none.win32_1.13.2.201705091103/tools/compiler/bin/../lib/gcc/arm-none-eabi/5.4.1/../../../../arm-none-eabi/lib/armv7e-m/fpu\libm.a(lib_a-s_fabs.o)
 .ARM.attributes
                0x00000732       0x34 c:/ac6/systemworkbench/plugins/fr.ac6.mcu.externaltools.arm-none.win32_1.13.2.201705091103/tools/compiler/bin/../lib/gcc/arm-none-eabi/5.4.1/../../../../arm-none-eabi/lib/armv7e-m/fpu\libm.a(lib_a-s_floor.o)
 .ARM.attributes
                0x00000766       0x34 c:/ac6/systemworkbench/plugins/fr.ac6.mcu.externaltools.arm-none.win32_1.13.2.201705091103/tools/compiler/bin/../lib/gcc/arm-none-eabi/5.4.1/../../../../arm-none-eabi/lib/armv7e-m/fpu\libm.a(lib_a-s_lib_ver.o)
 .ARM.attributes
                0x0000079a       0x34 c:/ac6/systemworkbench/plugins/fr.ac6.mcu.externaltools.arm-none.win32_1.13.2.201705091103/tools/compiler/bin/../lib/gcc/arm-none-eabi/5.4.1/../../../../arm-none-eabi/lib/armv7e-m/fpu\libm.a(lib_a-s_matherr.o)
 .ARM.attributes
                0x000007ce       0x34 c:/ac6/systemworkbench/plugins/fr.ac6.mcu.externaltools.arm-none.win32_1.13.2.201705091103/tools/compiler/bin/../lib/gcc/arm-none-eabi/5.4.1/../../../../arm-none-eabi/lib/armv7e-m/fpu\libm.a(lib_a-s_scalbn.o)
 .ARM.attributes
                0x00000802       0x34 c:/ac6/systemworkbench/plugins/fr.ac6.mcu.externaltools.arm-none.win32_1.13.2.201705091103/tools/compiler/bin/../lib/gcc/arm-none-eabi/5.4.1/../../../../arm-none-eabi/lib/armv7e-m/fpu\libm.a(lib_a-s_copysign.o)
 .ARM.attributes
                0x00000836       0x22 c:/ac6/systemworkbench/plugins/fr.ac6.mcu.externaltools.arm-none.win32_1.13.2.201705091103/tools/compiler/bin/../lib/gcc/arm-none-eabi/5.4.1/armv7e-m/fpu\libgcc.a(_arm_addsubdf3.o)
 .ARM.attributes
                0x00000858       0x22 c:/ac6/systemworkbench/plugins/fr.ac6.mcu.externaltools.arm-none.win32_1.13.2.201705091103/tools/compiler/bin/../lib/gcc/arm-none-eabi/5.4.1/armv7e-m/fpu\libgcc.a(_arm_muldivdf3.o)
 .ARM.attributes
                0x0000087a       0x22 c:/ac6/systemworkbench/plugins/fr.ac6.mcu.externaltools.arm-none.win32_1.13.2.201705091103/tools/compiler/bin/../lib/gcc/arm-none-eabi/5.4.1/armv7e-m/fpu\libgcc.a(_arm_cmpdf2.o)
 .ARM.attributes
                0x0000089c       0x22 c:/ac6/systemworkbench/plugins/fr.ac6.mcu.externaltools.arm-none.win32_1.13.2.201705091103/tools/compiler/bin/../lib/gcc/arm-none-eabi/5.4.1/armv7e-m/fpu\libgcc.a(_arm_unorddf2.o)
 .ARM.attributes
                0x000008be       0x22 c:/ac6/systemworkbench/plugins/fr.ac6.mcu.externaltools.arm-none.win32_1.13.2.201705091103/tools/compiler/bin/../lib/gcc/arm-none-eabi/5.4.1/armv7e-m/fpu\libgcc.a(_arm_fixdfsi.o)
 .ARM.attributes
                0x000008e0       0x22 c:/ac6/systemworkbench/plugins/fr.ac6.mcu.externaltools.arm-none.win32_1.13.2.201705091103/tools/compiler/bin/../lib/gcc/arm-none-eabi/5.4.1/armv7e-m/fpu\libgcc.a(_arm_fixunsdfsi.o)
 .ARM.attributes
                0x00000902       0x22 c:/ac6/systemworkbench/plugins/fr.ac6.mcu.externaltools.arm-none.win32_1.13.2.201705091103/tools/compiler/bin/../lib/gcc/arm-none-eabi/5.4.1/armv7e-m/fpu\libgcc.a(_arm_truncdfsf2.o)
 .ARM.attributes
                0x00000924       0x34 c:/ac6/systemworkbench/plugins/fr.ac6.mcu.externaltools.arm-none.win32_1.13.2.201705091103/tools/compiler/bin/../lib/gcc/arm-none-eabi/5.4.1/../../../../arm-none-eabi/lib/armv7e-m/fpu\libc_nano.a(lib_a-errno.o)
 .ARM.attributes
                0x00000958       0x34 c:/ac6/systemworkbench/plugins/fr.ac6.mcu.externaltools.arm-none.win32_1.13.2.201705091103/tools/compiler/bin/../lib/gcc/arm-none-eabi/5.4.1/../../../../arm-none-eabi/lib/armv7e-m/fpu\libc_nano.a(lib_a-impure.o)
 .ARM.attributes
                0x0000098c       0x34 c:/ac6/systemworkbench/plugins/fr.ac6.mcu.externaltools.arm-none.win32_1.13.2.201705091103/tools/compiler/bin/../lib/gcc/arm-none-eabi/5.4.1/../../../../arm-none-eabi/lib/armv7e-m/fpu\libc_nano.a(lib_a-init.o)
 .ARM.attributes
                0x000009c0       0x22 c:/ac6/systemworkbench/plugins/fr.ac6.mcu.externaltools.arm-none.win32_1.13.2.201705091103/tools/compiler/bin/../lib/gcc/arm-none-eabi/5.4.1/armv7e-m/fpu/crtn.o
OUTPUT(STM32F4-Discovery.elf elf32-littlearm)

.debug_info     0x00000000    0x122e8
 .debug_info    0x00000000     0x136a Drivers/BSP/Components/cs43l22.o
 .debug_info    0x0000136a      0x822 Drivers/BSP/Components/lis302dl.o
 .debug_info    0x00001b8c      0x8a2 Drivers/BSP/Components/lis3dsh.o
 .debug_info    0x0000242e     0x1a86 Drivers/BSP/STM32F4-Discovery/stm32f4_discovery.o
 .debug_info    0x00003eb4      0x45c Drivers/BSP/STM32F4-Discovery/stm32f4_discovery_accelerometer.o
 .debug_info    0x00004310     0x1ba8 Drivers/BSP/STM32F4-Discovery/stm32f4_discovery_audio.o
 .debug_info    0x00005eb8      0x500 Drivers/CMSIS/system_stm32f4xx.o
 .debug_info    0x000063b8      0x919 Drivers/STM32F4xx_HAL_Driver/stm32f4xx_hal.o
 .debug_info    0x00006cd1      0xeff Drivers/STM32F4xx_HAL_Driver/stm32f4xx_hal_cortex.o
 .debug_info    0x00007bd0      0xa2c Drivers/STM32F4xx_HAL_Driver/stm32f4xx_hal_dma.o
 .debug_info    0x000085fc      0x731 Drivers/STM32F4xx_HAL_Driver/stm32f4xx_hal_gpio.o
 .debug_info    0x00008d2d     0x2e42 Drivers/STM32F4xx_HAL_Driver/stm32f4xx_hal_i2c.o
 .debug_info    0x0000bb6f      0xe8d Drivers/STM32F4xx_HAL_Driver/stm32f4xx_hal_i2s.o
 .debug_info    0x0000c9fc      0xcc5 Drivers/STM32F4xx_HAL_Driver/stm32f4xx_hal_i2s_ex.o
 .debug_info    0x0000d6c1      0xcb1 Drivers/STM32F4xx_HAL_Driver/stm32f4xx_hal_rcc.o
 .debug_info    0x0000e372      0x5d2 Drivers/STM32F4xx_HAL_Driver/stm32f4xx_hal_rcc_ex.o
 .debug_info    0x0000e944     0x1c8c Drivers/STM32F4xx_HAL_Driver/stm32f4xx_hal_spi.o
 .debug_info    0x000105d0      0x130 Example/SW4STM32/startup_stm32f407xx.o
 .debug_info    0x00010700      0x462 Example/User/audio_play.o
 .debug_info    0x00010b62      0x46c Example/User/audio_record.o
 .debug_info    0x00010fce      0x9bc Example/User/main.o
 .debug_info    0x0001198a      0x2b7 Example/User/mems.o
 .debug_info    0x00011c41      0x6a7 Example/User/stm32f4xx_it.o

.debug_abbrev   0x00000000     0x3396
 .debug_abbrev  0x00000000      0x2b2 Drivers/BSP/Components/cs43l22.o
 .debug_abbrev  0x000002b2      0x1c9 Drivers/BSP/Components/lis302dl.o
 .debug_abbrev  0x0000047b      0x1bc Drivers/BSP/Components/lis3dsh.o
 .debug_abbrev  0x00000637      0x3b1 Drivers/BSP/STM32F4-Discovery/stm32f4_discovery.o
 .debug_abbrev  0x000009e8      0x17a Drivers/BSP/STM32F4-Discovery/stm32f4_discovery_accelerometer.o
 .debug_abbrev  0x00000b62      0x387 Drivers/BSP/STM32F4-Discovery/stm32f4_discovery_audio.o
 .debug_abbrev  0x00000ee9      0x104 Drivers/CMSIS/system_stm32f4xx.o
 .debug_abbrev  0x00000fed      0x26e Drivers/STM32F4xx_HAL_Driver/stm32f4xx_hal.o
 .debug_abbrev  0x0000125b      0x332 Drivers/STM32F4xx_HAL_Driver/stm32f4xx_hal_cortex.o
 .debug_abbrev  0x0000158d      0x2e0 Drivers/STM32F4xx_HAL_Driver/stm32f4xx_hal_dma.o
 .debug_abbrev  0x0000186d      0x1cb Drivers/STM32F4xx_HAL_Driver/stm32f4xx_hal_gpio.o
 .debug_abbrev  0x00001a38      0x339 Drivers/STM32F4xx_HAL_Driver/stm32f4xx_hal_i2c.o
 .debug_abbrev  0x00001d71      0x2ef Drivers/STM32F4xx_HAL_Driver/stm32f4xx_hal_i2s.o
 .debug_abbrev  0x00002060      0x2c1 Drivers/STM32F4xx_HAL_Driver/stm32f4xx_hal_i2s_ex.o
 .debug_abbrev  0x00002321      0x310 Drivers/STM32F4xx_HAL_Driver/stm32f4xx_hal_rcc.o
 .debug_abbrev  0x00002631      0x204 Drivers/STM32F4xx_HAL_Driver/stm32f4xx_hal_rcc_ex.o
 .debug_abbrev  0x00002835      0x351 Drivers/STM32F4xx_HAL_Driver/stm32f4xx_hal_spi.o
 .debug_abbrev  0x00002b86       0x12 Example/SW4STM32/startup_stm32f407xx.o
 .debug_abbrev  0x00002b98      0x14f Example/User/audio_play.o
 .debug_abbrev  0x00002ce7      0x161 Example/User/audio_record.o
 .debug_abbrev  0x00002e48      0x25d Example/User/main.o
 .debug_abbrev  0x000030a5      0x153 Example/User/mems.o
 .debug_abbrev  0x000031f8      0x19e Example/User/stm32f4xx_it.o

.debug_loc      0x00000000     0x8d39
 .debug_loc     0x00000000      0xe13 Drivers/BSP/Components/cs43l22.o
 .debug_loc     0x00000e13      0x15d Drivers/BSP/Components/lis302dl.o
 .debug_loc     0x00000f70      0x1ae Drivers/BSP/Components/lis3dsh.o
 .debug_loc     0x0000111e      0x3e7 Drivers/BSP/STM32F4-Discovery/stm32f4_discovery.o
 .debug_loc     0x00001505      0x1c2 Drivers/BSP/STM32F4-Discovery/stm32f4_discovery_accelerometer.o
 .debug_loc     0x000016c7      0x7b1 Drivers/BSP/STM32F4-Discovery/stm32f4_discovery_audio.o
 .debug_loc     0x00001e78       0xd7 Drivers/CMSIS/system_stm32f4xx.o
 .debug_loc     0x00001f4f       0x91 Drivers/STM32F4xx_HAL_Driver/stm32f4xx_hal.o
 .debug_loc     0x00001fe0      0x4cc Drivers/STM32F4xx_HAL_Driver/stm32f4xx_hal_cortex.o
 .debug_loc     0x000024ac      0x740 Drivers/STM32F4xx_HAL_Driver/stm32f4xx_hal_dma.o
 .debug_loc     0x00002bec      0x374 Drivers/STM32F4xx_HAL_Driver/stm32f4xx_hal_gpio.o
 .debug_loc     0x00002f60     0x2882 Drivers/STM32F4xx_HAL_Driver/stm32f4xx_hal_i2c.o
 .debug_loc     0x000057e2      0xca9 Drivers/STM32F4xx_HAL_Driver/stm32f4xx_hal_i2s.o
 .debug_loc     0x0000648b      0x79e Drivers/STM32F4xx_HAL_Driver/stm32f4xx_hal_i2s_ex.o
 .debug_loc     0x00006c29      0x485 Drivers/STM32F4xx_HAL_Driver/stm32f4xx_hal_rcc.o
 .debug_loc     0x000070ae      0x28f Drivers/STM32F4xx_HAL_Driver/stm32f4xx_hal_rcc_ex.o
 .debug_loc     0x0000733d     0x1937 Drivers/STM32F4xx_HAL_Driver/stm32f4xx_hal_spi.o
 .debug_loc     0x00008c74       0x2a Example/User/audio_play.o
 .debug_loc     0x00008c9e       0x3a Example/User/main.o
 .debug_loc     0x00008cd8       0x61 Example/User/mems.o

.debug_aranges  0x00000000      0xc28
 .debug_aranges
                0x00000000       0x80 Drivers/BSP/Components/cs43l22.o
 .debug_aranges
                0x00000080       0x78 Drivers/BSP/Components/lis302dl.o
 .debug_aranges
                0x000000f8       0x68 Drivers/BSP/Components/lis3dsh.o
 .debug_aranges
                0x00000160       0xb8 Drivers/BSP/STM32F4-Discovery/stm32f4_discovery.o
 .debug_aranges
                0x00000218       0x48 Drivers/BSP/STM32F4-Discovery/stm32f4_discovery_accelerometer.o
 .debug_aranges
                0x00000260      0x108 Drivers/BSP/STM32F4-Discovery/stm32f4_discovery_audio.o
 .debug_aranges
                0x00000368       0x28 Drivers/CMSIS/system_stm32f4xx.o
 .debug_aranges
                0x00000390       0xc0 Drivers/STM32F4xx_HAL_Driver/stm32f4xx_hal.o
 .debug_aranges
                0x00000450       0xa8 Drivers/STM32F4xx_HAL_Driver/stm32f4xx_hal_cortex.o
 .debug_aranges
                0x000004f8       0x80 Drivers/STM32F4xx_HAL_Driver/stm32f4xx_hal_dma.o
 .debug_aranges
                0x00000578       0x58 Drivers/STM32F4xx_HAL_Driver/stm32f4xx_hal_gpio.o
 .debug_aranges
                0x000005d0      0x190 Drivers/STM32F4xx_HAL_Driver/stm32f4xx_hal_i2c.o
 .debug_aranges
                0x00000760       0xc8 Drivers/STM32F4xx_HAL_Driver/stm32f4xx_hal_i2s.o
 .debug_aranges
                0x00000828       0x58 Drivers/STM32F4xx_HAL_Driver/stm32f4xx_hal_i2s_ex.o
 .debug_aranges
                0x00000880       0x80 Drivers/STM32F4xx_HAL_Driver/stm32f4xx_hal_rcc.o
 .debug_aranges
                0x00000900       0x38 Drivers/STM32F4xx_HAL_Driver/stm32f4xx_hal_rcc_ex.o
 .debug_aranges
                0x00000938      0x1a0 Drivers/STM32F4xx_HAL_Driver/stm32f4xx_hal_spi.o
 .debug_aranges
                0x00000ad8       0x28 Example/SW4STM32/startup_stm32f407xx.o
 .debug_aranges
                0x00000b00       0x30 Example/User/audio_play.o
 .debug_aranges
                0x00000b30       0x38 Example/User/audio_record.o
 .debug_aranges
                0x00000b68       0x38 Example/User/main.o
 .debug_aranges
                0x00000ba0       0x20 Example/User/mems.o
 .debug_aranges
                0x00000bc0       0x68 Example/User/stm32f4xx_it.o

.debug_ranges   0x00000000     0x1028
 .debug_ranges  0x00000000       0xa0 Drivers/BSP/Components/cs43l22.o
 .debug_ranges  0x000000a0       0x68 Drivers/BSP/Components/lis302dl.o
 .debug_ranges  0x00000108       0x58 Drivers/BSP/Components/lis3dsh.o
 .debug_ranges  0x00000160      0x1b0 Drivers/BSP/STM32F4-Discovery/stm32f4_discovery.o
 .debug_ranges  0x00000310       0x38 Drivers/BSP/STM32F4-Discovery/stm32f4_discovery_accelerometer.o
 .debug_ranges  0x00000348      0x190 Drivers/BSP/STM32F4-Discovery/stm32f4_discovery_audio.o
 .debug_ranges  0x000004d8       0x18 Drivers/CMSIS/system_stm32f4xx.o
 .debug_ranges  0x000004f0       0xb0 Drivers/STM32F4xx_HAL_Driver/stm32f4xx_hal.o
 .debug_ranges  0x000005a0      0x158 Drivers/STM32F4xx_HAL_Driver/stm32f4xx_hal_cortex.o
 .debug_ranges  0x000006f8       0xa8 Drivers/STM32F4xx_HAL_Driver/stm32f4xx_hal_dma.o
 .debug_ranges  0x000007a0       0x70 Drivers/STM32F4xx_HAL_Driver/stm32f4xx_hal_gpio.o
 .debug_ranges  0x00000810      0x210 Drivers/STM32F4xx_HAL_Driver/stm32f4xx_hal_i2c.o
 .debug_ranges  0x00000a20       0xe8 Drivers/STM32F4xx_HAL_Driver/stm32f4xx_hal_i2s.o
 .debug_ranges  0x00000b08       0x78 Drivers/STM32F4xx_HAL_Driver/stm32f4xx_hal_i2s_ex.o
 .debug_ranges  0x00000b80      0x150 Drivers/STM32F4xx_HAL_Driver/stm32f4xx_hal_rcc.o
 .debug_ranges  0x00000cd0       0x70 Drivers/STM32F4xx_HAL_Driver/stm32f4xx_hal_rcc_ex.o
 .debug_ranges  0x00000d40      0x1d8 Drivers/STM32F4xx_HAL_Driver/stm32f4xx_hal_spi.o
 .debug_ranges  0x00000f18       0x20 Example/SW4STM32/startup_stm32f407xx.o
 .debug_ranges  0x00000f38       0x20 Example/User/audio_play.o
 .debug_ranges  0x00000f58       0x28 Example/User/audio_record.o
 .debug_ranges  0x00000f80       0x40 Example/User/main.o
 .debug_ranges  0x00000fc0       0x10 Example/User/mems.o
 .debug_ranges  0x00000fd0       0x58 Example/User/stm32f4xx_it.o

.debug_macro    0x00000000    0x23263
 .debug_macro   0x00000000       0x87 Drivers/BSP/Components/cs43l22.o
 .debug_macro   0x00000087      0x898 Drivers/BSP/Components/cs43l22.o
 .debug_macro   0x0000091f       0x22 Drivers/BSP/Components/cs43l22.o
 .debug_macro   0x00000941       0x87 Drivers/BSP/Components/cs43l22.o
 .debug_macro   0x000009c8       0x44 Drivers/BSP/Components/cs43l22.o
 .debug_macro   0x00000a0c       0xfd Drivers/BSP/Components/cs43l22.o
 .debug_macro   0x00000b09       0x5e Drivers/BSP/Components/cs43l22.o
 .debug_macro   0x00000b67      0x1df Drivers/BSP/Components/cs43l22.o
 .debug_macro   0x00000d46       0x10 Drivers/BSP/Components/cs43l22.o
 .debug_macro   0x00000d56      0x191 Drivers/BSP/Components/cs43l22.o
 .debug_macro   0x00000ee7       0x7c Drivers/BSP/Components/lis302dl.o
 .debug_macro   0x00000f63      0x1d1 Drivers/BSP/Components/lis302dl.o
 .debug_macro   0x00001134       0x7c Drivers/BSP/Components/lis3dsh.o
 .debug_macro   0x000011b0      0x428 Drivers/BSP/Components/lis3dsh.o
 .debug_macro   0x000015d8      0x346 Drivers/BSP/STM32F4-Discovery/stm32f4_discovery.o
 .debug_macro   0x0000191e       0xa3 Drivers/BSP/STM32F4-Discovery/stm32f4_discovery.o
 .debug_macro   0x000019c1       0x33 Drivers/BSP/STM32F4-Discovery/stm32f4_discovery.o
 .debug_macro   0x000019f4       0x28 Drivers/BSP/STM32F4-Discovery/stm32f4_discovery.o
 .debug_macro   0x00001a1c       0x35 Drivers/BSP/STM32F4-Discovery/stm32f4_discovery.o
 .debug_macro   0x00001a51       0x50 Drivers/BSP/STM32F4-Discovery/stm32f4_discovery.o
 .debug_macro   0x00001aa1      0xe66 Drivers/BSP/STM32F4-Discovery/stm32f4_discovery.o
 .debug_macro   0x00002907    0x15e04 Drivers/BSP/STM32F4-Discovery/stm32f4_discovery.o
 .debug_macro   0x0001870b       0x43 Drivers/BSP/STM32F4-Discovery/stm32f4_discovery.o
 .debug_macro   0x0001874e     0x3574 Drivers/BSP/STM32F4-Discovery/stm32f4_discovery.o
 .debug_macro   0x0001bcc2       0x52 Drivers/BSP/STM32F4-Discovery/stm32f4_discovery.o
 .debug_macro   0x0001bd14       0x35 Drivers/BSP/STM32F4-Discovery/stm32f4_discovery.o
 .debug_macro   0x0001bd49       0x9c Drivers/BSP/STM32F4-Discovery/stm32f4_discovery.o
 .debug_macro   0x0001bde5       0x16 Drivers/BSP/STM32F4-Discovery/stm32f4_discovery.o
 .debug_macro   0x0001bdfb       0x97 Drivers/BSP/STM32F4-Discovery/stm32f4_discovery.o
 .debug_macro   0x0001be92      0x30d Drivers/BSP/STM32F4-Discovery/stm32f4_discovery.o
 .debug_macro   0x0001c19f       0xfd Drivers/BSP/STM32F4-Discovery/stm32f4_discovery.o
 .debug_macro   0x0001c29c       0x10 Drivers/BSP/STM32F4-Discovery/stm32f4_discovery.o
 .debug_macro   0x0001c2ac       0x52 Drivers/BSP/STM32F4-Discovery/stm32f4_discovery.o
 .debug_macro   0x0001c2fe       0x1f Drivers/BSP/STM32F4-Discovery/stm32f4_discovery.o
 .debug_macro   0x0001c31d       0x43 Drivers/BSP/STM32F4-Discovery/stm32f4_discovery.o
 .debug_macro   0x0001c360       0x20 Drivers/BSP/STM32F4-Discovery/stm32f4_discovery.o
 .debug_macro   0x0001c380      0x187 Drivers/BSP/STM32F4-Discovery/stm32f4_discovery.o
 .debug_macro   0x0001c507       0x10 Drivers/BSP/STM32F4-Discovery/stm32f4_discovery.o
 .debug_macro   0x0001c517       0x1c Drivers/BSP/STM32F4-Discovery/stm32f4_discovery.o
 .debug_macro   0x0001c533       0x52 Drivers/BSP/STM32F4-Discovery/stm32f4_discovery.o
 .debug_macro   0x0001c585       0x40 Drivers/BSP/STM32F4-Discovery/stm32f4_discovery.o
 .debug_macro   0x0001c5c5       0x10 Drivers/BSP/STM32F4-Discovery/stm32f4_discovery.o
 .debug_macro   0x0001c5d5       0x40 Drivers/BSP/STM32F4-Discovery/stm32f4_discovery.o
 .debug_macro   0x0001c615       0xd7 Drivers/BSP/STM32F4-Discovery/stm32f4_discovery.o
 .debug_macro   0x0001c6ec       0x16 Drivers/BSP/STM32F4-Discovery/stm32f4_discovery.o
 .debug_macro   0x0001c702      0x18b Drivers/BSP/STM32F4-Discovery/stm32f4_discovery.o
 .debug_macro   0x0001c88d       0x57 Drivers/BSP/STM32F4-Discovery/stm32f4_discovery.o
 .debug_macro   0x0001c8e4      0x96b Drivers/BSP/STM32F4-Discovery/stm32f4_discovery.o
 .debug_macro   0x0001d24f      0x9e1 Drivers/BSP/STM32F4-Discovery/stm32f4_discovery.o
 .debug_macro   0x0001dc30      0x11e Drivers/BSP/STM32F4-Discovery/stm32f4_discovery.o
 .debug_macro   0x0001dd4e      0x13e Drivers/BSP/STM32F4-Discovery/stm32f4_discovery.o
 .debug_macro   0x0001de8c       0x27 Drivers/BSP/STM32F4-Discovery/stm32f4_discovery.o
 .debug_macro   0x0001deb3      0x287 Drivers/BSP/STM32F4-Discovery/stm32f4_discovery.o
 .debug_macro   0x0001e13a       0x5f Drivers/BSP/STM32F4-Discovery/stm32f4_discovery.o
 .debug_macro   0x0001e199      0x23a Drivers/BSP/STM32F4-Discovery/stm32f4_discovery.o
 .debug_macro   0x0001e3d3      0x133 Drivers/BSP/STM32F4-Discovery/stm32f4_discovery.o
 .debug_macro   0x0001e506      0x21e Drivers/BSP/STM32F4-Discovery/stm32f4_discovery.o
 .debug_macro   0x0001e724       0x2e Drivers/BSP/STM32F4-Discovery/stm32f4_discovery.o
 .debug_macro   0x0001e752      0x1a7 Drivers/BSP/STM32F4-Discovery/stm32f4_discovery.o
 .debug_macro   0x0001e8f9       0xa5 Drivers/BSP/STM32F4-Discovery/stm32f4_discovery.o
 .debug_macro   0x0001e99e      0x192 Drivers/BSP/STM32F4-Discovery/stm32f4_discovery.o
 .debug_macro   0x0001eb30       0x40 Drivers/BSP/STM32F4-Discovery/stm32f4_discovery.o
 .debug_macro   0x0001eb70       0x3c Drivers/BSP/STM32F4-Discovery/stm32f4_discovery.o
 .debug_macro   0x0001ebac      0x11e Drivers/BSP/STM32F4-Discovery/stm32f4_discovery.o
 .debug_macro   0x0001ecca       0x7f Drivers/BSP/STM32F4-Discovery/stm32f4_discovery.o
 .debug_macro   0x0001ed49       0x89 Drivers/BSP/STM32F4-Discovery/stm32f4_discovery.o
 .debug_macro   0x0001edd2      0x202 Drivers/BSP/STM32F4-Discovery/stm32f4_discovery.o
 .debug_macro   0x0001efd4      0x125 Drivers/BSP/STM32F4-Discovery/stm32f4_discovery.o
 .debug_macro   0x0001f0f9      0x1f5 Drivers/BSP/STM32F4-Discovery/stm32f4_discovery.o
 .debug_macro   0x0001f2ee      0x35e Drivers/BSP/STM32F4-Discovery/stm32f4_discovery_accelerometer.o
 .debug_macro   0x0001f64c      0x359 Drivers/BSP/STM32F4-Discovery/stm32f4_discovery_audio.o
 .debug_macro   0x0001f9a5       0x3b Drivers/BSP/STM32F4-Discovery/stm32f4_discovery_audio.o
 .debug_macro   0x0001f9e0       0x10 Drivers/BSP/STM32F4-Discovery/stm32f4_discovery_audio.o
 .debug_macro   0x0001f9f0      0x16a Drivers/BSP/STM32F4-Discovery/stm32f4_discovery_audio.o
 .debug_macro   0x0001fb5a      0x31f Drivers/CMSIS/system_stm32f4xx.o
 .debug_macro   0x0001fe79      0x379 Drivers/STM32F4xx_HAL_Driver/stm32f4xx_hal.o
 .debug_macro   0x000201f2      0x319 Drivers/STM32F4xx_HAL_Driver/stm32f4xx_hal_cortex.o
 .debug_macro   0x0002050b      0x320 Drivers/STM32F4xx_HAL_Driver/stm32f4xx_hal_dma.o
 .debug_macro   0x0002082b      0x351 Drivers/STM32F4xx_HAL_Driver/stm32f4xx_hal_gpio.o
 .debug_macro   0x00020b7c      0x359 Drivers/STM32F4xx_HAL_Driver/stm32f4xx_hal_i2c.o
 .debug_macro   0x00020ed5      0x31a Drivers/STM32F4xx_HAL_Driver/stm32f4xx_hal_i2s.o
 .debug_macro   0x000211ef      0x319 Drivers/STM32F4xx_HAL_Driver/stm32f4xx_hal_i2s_ex.o
 .debug_macro   0x00021508      0x343 Drivers/STM32F4xx_HAL_Driver/stm32f4xx_hal_rcc.o
 .debug_macro   0x0002184b      0x319 Drivers/STM32F4xx_HAL_Driver/stm32f4xx_hal_rcc_ex.o
 .debug_macro   0x00021b64      0x321 Drivers/STM32F4xx_HAL_Driver/stm32f4xx_hal_spi.o
 .debug_macro   0x00021e85      0x3dc Example/User/audio_play.o
 .debug_macro   0x00022261       0x16 Example/User/audio_play.o
 .debug_macro   0x00022277       0x16 Example/User/audio_play.o
 .debug_macro   0x0002228d       0x22 Example/User/audio_play.o
 .debug_macro   0x000222af      0x3f7 Example/User/audio_record.o
 .debug_macro   0x000226a6       0x16 Example/User/audio_record.o
 .debug_macro   0x000226bc       0x35 Example/User/audio_record.o
 .debug_macro   0x000226f1      0x3cc Example/User/main.o
 .debug_macro   0x00022abd      0x3d0 Example/User/mems.o
 .debug_macro   0x00022e8d      0x3d6 Example/User/stm32f4xx_it.o

.debug_line     0x00000000    0x10285
 .debug_line    0x00000000      0x532 Drivers/BSP/Components/cs43l22.o
 .debug_line    0x00000532      0x4b5 Drivers/BSP/Components/lis302dl.o
 .debug_line    0x000009e7      0x4b7 Drivers/BSP/Components/lis3dsh.o
 .debug_line    0x00000e9e      0xb33 Drivers/BSP/STM32F4-Discovery/stm32f4_discovery.o
 .debug_line    0x000019d1      0xaab Drivers/BSP/STM32F4-Discovery/stm32f4_discovery_accelerometer.o
 .debug_line    0x0000247c      0xdaf Drivers/BSP/STM32F4-Discovery/stm32f4_discovery_audio.o
 .debug_line    0x0000322b      0x8e2 Drivers/CMSIS/system_stm32f4xx.o
 .debug_line    0x00003b0d      0xa30 Drivers/STM32F4xx_HAL_Driver/stm32f4xx_hal.o
 .debug_line    0x0000453d      0xac9 Drivers/STM32F4xx_HAL_Driver/stm32f4xx_hal_cortex.o
 .debug_line    0x00005006      0xbad Drivers/STM32F4xx_HAL_Driver/stm32f4xx_hal_dma.o
 .debug_line    0x00005bb3      0xa61 Drivers/STM32F4xx_HAL_Driver/stm32f4xx_hal_gpio.o
 .debug_line    0x00006614     0x1d5b Drivers/STM32F4xx_HAL_Driver/stm32f4xx_hal_i2c.o
 .debug_line    0x0000836f      0xd6f Drivers/STM32F4xx_HAL_Driver/stm32f4xx_hal_i2s.o
 .debug_line    0x000090de      0xbd1 Drivers/STM32F4xx_HAL_Driver/stm32f4xx_hal_i2s_ex.o
 .debug_line    0x00009caf      0xbc8 Drivers/STM32F4xx_HAL_Driver/stm32f4xx_hal_rcc.o
 .debug_line    0x0000a877      0x995 Drivers/STM32F4xx_HAL_Driver/stm32f4xx_hal_rcc_ex.o
 .debug_line    0x0000b20c     0x1279 Drivers/STM32F4xx_HAL_Driver/stm32f4xx_hal_spi.o
 .debug_line    0x0000c485       0xe3 Example/SW4STM32/startup_stm32f407xx.o
 .debug_line    0x0000c568      0xc2f Example/User/audio_play.o
 .debug_line    0x0000d197      0xc68 Example/User/audio_record.o
 .debug_line    0x0000ddff      0xc47 Example/User/main.o
 .debug_line    0x0000ea46      0xbd7 Example/User/mems.o
 .debug_line    0x0000f61d      0xc68 Example/User/stm32f4xx_it.o

.debug_str      0x00000000    0xc38a9
 .debug_str     0x00000000     0x3c1a Drivers/BSP/Components/cs43l22.o
                               0x3e22 (size before relaxing)
 .debug_str     0x00003c1a      0xda4 Drivers/BSP/Components/lis302dl.o
                               0x41c4 (size before relaxing)
 .debug_str     0x000049be     0x13d1 Drivers/BSP/Components/lis3dsh.o
                               0x48f2 (size before relaxing)
 .debug_str     0x00005d8f    0xb9cc4 Drivers/BSP/STM32F4-Discovery/stm32f4_discovery.o
                              0xbd361 (size before relaxing)
 .debug_str     0x000bfa53      0x294 Drivers/BSP/STM32F4-Discovery/stm32f4_discovery_accelerometer.o
                              0xbdfeb (size before relaxing)
 .debug_str     0x000bfce7      0xf1d Drivers/BSP/STM32F4-Discovery/stm32f4_discovery_audio.o
                              0xbe1aa (size before relaxing)
 .debug_str     0x000c0c04      0x14e Drivers/CMSIS/system_stm32f4xx.o
                              0xbb5a6 (size before relaxing)
 .debug_str     0x000c0d52      0x5af Drivers/STM32F4xx_HAL_Driver/stm32f4xx_hal.o
                              0xbc034 (size before relaxing)
 .debug_str     0x000c1301      0x364 Drivers/STM32F4xx_HAL_Driver/stm32f4xx_hal_cortex.o
                              0xbbe08 (size before relaxing)
 .debug_str     0x000c1665      0x347 Drivers/STM32F4xx_HAL_Driver/stm32f4xx_hal_dma.o
                              0xbb988 (size before relaxing)
 .debug_str     0x000c19ac      0x1f3 Drivers/STM32F4xx_HAL_Driver/stm32f4xx_hal_gpio.o
                              0xbb796 (size before relaxing)
 .debug_str     0x000c1b9f      0x95e Drivers/STM32F4xx_HAL_Driver/stm32f4xx_hal_i2c.o
                              0xbc2b3 (size before relaxing)
 .debug_str     0x000c24fd      0x19c Drivers/STM32F4xx_HAL_Driver/stm32f4xx_hal_i2s.o
                              0xbba71 (size before relaxing)
 .debug_str     0x000c2699      0x1d7 Drivers/STM32F4xx_HAL_Driver/stm32f4xx_hal_i2s_ex.o
                              0xbb9f6 (size before relaxing)
 .debug_str     0x000c2870      0x371 Drivers/STM32F4xx_HAL_Driver/stm32f4xx_hal_rcc.o
                              0xbb984 (size before relaxing)
 .debug_str     0x000c2be1       0xd1 Drivers/STM32F4xx_HAL_Driver/stm32f4xx_hal_rcc_ex.o
                              0xbb682 (size before relaxing)
 .debug_str     0x000c2cb2      0x45f Drivers/STM32F4xx_HAL_Driver/stm32f4xx_hal_spi.o
                              0xbbd2a (size before relaxing)
 .debug_str     0x000c3111      0x33c Example/User/audio_play.o
                              0xbf0f8 (size before relaxing)
 .debug_str     0x000c344d      0x1b5 Example/User/audio_record.o
                              0xbf077 (size before relaxing)
 .debug_str     0x000c3602       0xd9 Example/User/main.o
                              0xbf255 (size before relaxing)
 .debug_str     0x000c36db       0xba Example/User/mems.o
                              0xbeee6 (size before relaxing)
 .debug_str     0x000c3795      0x114 Example/User/stm32f4xx_it.o
                              0xbf337 (size before relaxing)

.comment        0x00000000       0xf0
 .comment       0x00000000       0x6e Drivers/BSP/Components/cs43l22.o
                                 0x6f (size before relaxing)
 .comment       0x0000006e       0x6f Drivers/BSP/Components/lis302dl.o
 .comment       0x0000006e       0x6f Drivers/BSP/Components/lis3dsh.o
 .comment       0x0000006e       0x6f Drivers/BSP/STM32F4-Discovery/stm32f4_discovery.o
 .comment       0x0000006e       0x6f Drivers/BSP/STM32F4-Discovery/stm32f4_discovery_accelerometer.o
 .comment       0x0000006e       0x6f Drivers/BSP/STM32F4-Discovery/stm32f4_discovery_audio.o
 .comment       0x0000006e       0x6f Drivers/CMSIS/system_stm32f4xx.o
 .comment       0x0000006e       0x6f Drivers/STM32F4xx_HAL_Driver/stm32f4xx_hal.o
 .comment       0x0000006e       0x6f Drivers/STM32F4xx_HAL_Driver/stm32f4xx_hal_cortex.o
 .comment       0x0000006e       0x6f Drivers/STM32F4xx_HAL_Driver/stm32f4xx_hal_dma.o
 .comment       0x0000006e       0x6f Drivers/STM32F4xx_HAL_Driver/stm32f4xx_hal_gpio.o
 .comment       0x0000006e       0x6f Drivers/STM32F4xx_HAL_Driver/stm32f4xx_hal_i2c.o
 .comment       0x0000006e       0x6f Drivers/STM32F4xx_HAL_Driver/stm32f4xx_hal_i2s.o
 .comment       0x0000006e       0x6f Drivers/STM32F4xx_HAL_Driver/stm32f4xx_hal_i2s_ex.o
 .comment       0x0000006e       0x6f Drivers/STM32F4xx_HAL_Driver/stm32f4xx_hal_rcc.o
 .comment       0x0000006e       0x6f Drivers/STM32F4xx_HAL_Driver/stm32f4xx_hal_rcc_ex.o
 .comment       0x0000006e       0x6f Drivers/STM32F4xx_HAL_Driver/stm32f4xx_hal_spi.o
 .comment       0x0000006e       0x6f Example/User/audio_play.o
 .comment       0x0000006e       0x6f Example/User/audio_record.o
 .comment       0x0000006e       0x6f Example/User/main.o
 .comment       0x0000006e       0x6f Example/User/mems.o
 .comment       0x0000006e       0x6f Example/User/stm32f4xx_it.o
 .comment       0x0000006e       0x82 D:\users\F27285C\STM32Cube\Repository\STM32Cube_FW_F4_V1.16.0\Middlewares\ST\STM32_Audio\Addons\PDM/libPDMFilter_CM4F_GCC.a(pdm_filter.o)
                                 0x83 (size before relaxing)

.debug_frame    0x00000000     0x2590
 .debug_frame   0x00000000      0x148 Drivers/BSP/Components/cs43l22.o
 .debug_frame   0x00000148      0x150 Drivers/BSP/Components/lis302dl.o
 .debug_frame   0x00000298      0x120 Drivers/BSP/Components/lis3dsh.o
 .debug_frame   0x000003b8      0x22c Drivers/BSP/STM32F4-Discovery/stm32f4_discovery.o
 .debug_frame   0x000005e4       0x88 Drivers/BSP/STM32F4-Discovery/stm32f4_discovery_accelerometer.o
 .debug_frame   0x0000066c      0x36c Drivers/BSP/STM32F4-Discovery/stm32f4_discovery_audio.o
 .debug_frame   0x000009d8       0x30 Drivers/CMSIS/system_stm32f4xx.o
 .debug_frame   0x00000a08      0x194 Drivers/STM32F4xx_HAL_Driver/stm32f4xx_hal.o
 .debug_frame   0x00000b9c      0x150 Drivers/STM32F4xx_HAL_Driver/stm32f4xx_hal_cortex.o
 .debug_frame   0x00000cec      0x150 Drivers/STM32F4xx_HAL_Driver/stm32f4xx_hal_dma.o
 .debug_frame   0x00000e3c       0xd4 Drivers/STM32F4xx_HAL_Driver/stm32f4xx_hal_gpio.o
 .debug_frame   0x00000f10      0x638 Drivers/STM32F4xx_HAL_Driver/stm32f4xx_hal_i2c.o
 .debug_frame   0x00001548      0x27c Drivers/STM32F4xx_HAL_Driver/stm32f4xx_hal_i2s.o
 .debug_frame   0x000017c4      0x108 Drivers/STM32F4xx_HAL_Driver/stm32f4xx_hal_i2s_ex.o
 .debug_frame   0x000018cc      0x138 Drivers/STM32F4xx_HAL_Driver/stm32f4xx_hal_rcc.o
 .debug_frame   0x00001a04       0x6c Drivers/STM32F4xx_HAL_Driver/stm32f4xx_hal_rcc_ex.o
 .debug_frame   0x00001a70      0x590 Drivers/STM32F4xx_HAL_Driver/stm32f4xx_hal_spi.o
 .debug_frame   0x00002000       0x6c Example/User/audio_play.o
 .debug_frame   0x0000206c       0x6c Example/User/audio_record.o
 .debug_frame   0x000020d8       0x74 Example/User/main.o
 .debug_frame   0x0000214c       0x30 Example/User/mems.o
 .debug_frame   0x0000217c       0xe0 Example/User/stm32f4xx_it.o